Component: ARM Compiler 5.06 update 7 (build 960) Tool: armlink [4d3601]

==============================================================================

Section Cross References

    system_stm32f10x.o(i.SetSysClock) refers to system_stm32f10x.o(i.SetSysClockTo72) for SetSysClockTo72
    system_stm32f10x.o(i.SystemCoreClockUpdate) refers to system_stm32f10x.o(.data) for SystemCoreClock
    system_stm32f10x.o(i.SystemInit) refers to system_stm32f10x.o(i.SetSysClock) for SetSysClock
    main.o(i.main) refers to system_stm32f10x.o(i.SystemInit) for SystemInit
    main.o(i.main) refers to delay.o(i.delay_init) for delay_init
    main.o(i.main) refers to tim.o(i.Timer_Init) for Timer_Init
    main.o(i.main) refers to lcd_init.o(i.LCD_Init) for LCD_Init
    main.o(i.main) refers to hcsr04.o(i.HC_SR04_Init) for HC_SR04_Init
    main.o(i.main) refers to servo.o(i.TIM4_CH1_PWM_Init) for TIM4_CH1_PWM_Init
    main.o(i.main) refers to lcd.o(i.LCD_Fill) for LCD_Fill
    main.o(i.main) refers to radar.o(i.radar_picture) for radar_picture
    main.o(i.main) refers to hcsr04.o(i.sonar_mm) for sonar_mm
    main.o(i.main) refers to lcd.o(i.LCD_ShowIntNum) for LCD_ShowIntNum
    main.o(i.main) refers to stm32f10x_tim.o(i.TIM_SetCompare1) for TIM_SetCompare1
    main.o(i.main) refers to dflt_clz.o(x$fpl$dflt) for __aeabi_i2d
    main.o(i.main) refers to dmul.o(x$fpl$dmul) for __aeabi_dmul
    main.o(i.main) refers to dfix.o(x$fpl$dfix) for __aeabi_d2iz
    main.o(i.main) refers to radar.o(i.Radarline2) for Radarline2
    main.o(i.main) refers to delay.o(i.delay_ms) for delay_ms
    led.o(i.LED_Init) refers to stm32f10x_rcc.o(i.RCC_APB2PeriphClockCmd) for RCC_APB2PeriphClockCmd
    led.o(i.LED_Init) refers to stm32f10x_gpio.o(i.GPIO_PinRemapConfig) for GPIO_PinRemapConfig
    led.o(i.LED_Init) refers to stm32f10x_gpio.o(i.GPIO_Init) for GPIO_Init
    led.o(i.LED_Init) refers to stm32f10x_gpio.o(i.GPIO_SetBits) for GPIO_SetBits
    lcd_init.o(i.LCD_Address_Set) refers to lcd_init.o(i.LCD_WR_REG) for LCD_WR_REG
    lcd_init.o(i.LCD_Address_Set) refers to lcd_init.o(i.LCD_WR_DATA) for LCD_WR_DATA
    lcd_init.o(i.LCD_GPIO_Init) refers to stm32f10x_rcc.o(i.RCC_APB2PeriphClockCmd) for RCC_APB2PeriphClockCmd
    lcd_init.o(i.LCD_GPIO_Init) refers to stm32f10x_gpio.o(i.GPIO_Init) for GPIO_Init
    lcd_init.o(i.LCD_GPIO_Init) refers to stm32f10x_gpio.o(i.GPIO_SetBits) for GPIO_SetBits
    lcd_init.o(i.LCD_Init) refers to lcd_init.o(i.LCD_GPIO_Init) for LCD_GPIO_Init
    lcd_init.o(i.LCD_Init) refers to stm32f10x_gpio.o(i.GPIO_ResetBits) for GPIO_ResetBits
    lcd_init.o(i.LCD_Init) refers to delay.o(i.delay_ms) for delay_ms
    lcd_init.o(i.LCD_Init) refers to stm32f10x_gpio.o(i.GPIO_SetBits) for GPIO_SetBits
    lcd_init.o(i.LCD_Init) refers to lcd_init.o(i.LCD_WR_REG) for LCD_WR_REG
    lcd_init.o(i.LCD_Init) refers to lcd_init.o(i.LCD_WR_DATA8) for LCD_WR_DATA8
    lcd_init.o(i.LCD_WR_DATA) refers to lcd_init.o(i.LCD_Writ_Bus) for LCD_Writ_Bus
    lcd_init.o(i.LCD_WR_DATA8) refers to lcd_init.o(i.LCD_Writ_Bus) for LCD_Writ_Bus
    lcd_init.o(i.LCD_WR_REG) refers to stm32f10x_gpio.o(i.GPIO_ResetBits) for GPIO_ResetBits
    lcd_init.o(i.LCD_WR_REG) refers to lcd_init.o(i.LCD_Writ_Bus) for LCD_Writ_Bus
    lcd_init.o(i.LCD_WR_REG) refers to stm32f10x_gpio.o(i.GPIO_SetBits) for GPIO_SetBits
    lcd_init.o(i.LCD_Writ_Bus) refers to stm32f10x_gpio.o(i.GPIO_ResetBits) for GPIO_ResetBits
    lcd_init.o(i.LCD_Writ_Bus) refers to stm32f10x_gpio.o(i.GPIO_SetBits) for GPIO_SetBits
    lcd.o(i.Draw_Circle) refers to lcd.o(i.LCD_DrawPoint) for LCD_DrawPoint
    lcd.o(i.LCD_DrawLine) refers to lcd.o(i.LCD_DrawPoint) for LCD_DrawPoint
    lcd.o(i.LCD_DrawPoint) refers to lcd_init.o(i.LCD_Address_Set) for LCD_Address_Set
    lcd.o(i.LCD_DrawPoint) refers to lcd_init.o(i.LCD_WR_DATA) for LCD_WR_DATA
    lcd.o(i.LCD_DrawRectangle) refers to lcd.o(i.LCD_DrawLine) for LCD_DrawLine
    lcd.o(i.LCD_Fill) refers to lcd_init.o(i.LCD_Address_Set) for LCD_Address_Set
    lcd.o(i.LCD_Fill) refers to lcd_init.o(i.LCD_WR_DATA) for LCD_WR_DATA
    lcd.o(i.LCD_ShowChar) refers to lcd_init.o(i.LCD_Address_Set) for LCD_Address_Set
    lcd.o(i.LCD_ShowChar) refers to lcd_init.o(i.LCD_WR_DATA) for LCD_WR_DATA
    lcd.o(i.LCD_ShowChar) refers to lcd.o(i.LCD_DrawPoint) for LCD_DrawPoint
    lcd.o(i.LCD_ShowChar) refers to lcd.o(.constdata) for ascii_1206
    lcd.o(i.LCD_ShowChinese) refers to lcd.o(i.LCD_ShowChinese12x12) for LCD_ShowChinese12x12
    lcd.o(i.LCD_ShowChinese) refers to lcd.o(i.LCD_ShowChinese16x16) for LCD_ShowChinese16x16
    lcd.o(i.LCD_ShowChinese) refers to lcd.o(i.LCD_ShowChinese24x24) for LCD_ShowChinese24x24
    lcd.o(i.LCD_ShowChinese) refers to lcd.o(i.LCD_ShowChinese32x32) for LCD_ShowChinese32x32
    lcd.o(i.LCD_ShowChinese12x12) refers to lcd_init.o(i.LCD_Address_Set) for LCD_Address_Set
    lcd.o(i.LCD_ShowChinese12x12) refers to lcd_init.o(i.LCD_WR_DATA) for LCD_WR_DATA
[...]
    Removing stm32f10x_sdio.o(i.SDIO_SendSDIOSuspendCmd), (12 bytes).
    Removing stm32f10x_sdio.o(i.SDIO_SetPowerState), (28 bytes).
    Removing stm32f10x_sdio.o(i.SDIO_SetSDIOOperation), (12 bytes).
    Removing stm32f10x_sdio.o(i.SDIO_SetSDIOReadWaitMode), (12 bytes).
    Removing stm32f10x_sdio.o(i.SDIO_StartSDIOReadWait), (12 bytes).
    Removing stm32f10x_sdio.o(i.SDIO_StopSDIOReadWait), (12 bytes).
    Removing stm32f10x_sdio.o(i.SDIO_StructInit), (16 bytes).
    Removing stm32f10x_sdio.o(i.SDIO_WriteData), (12 bytes).
    Removing stm32f10x_spi.o(i.I2S_Cmd), (24 bytes).
    Removing stm32f10x_spi.o(i.I2S_Init), (232 bytes).
    Removing stm32f10x_spi.o(i.I2S_StructInit), (20 bytes).
    Removing stm32f10x_spi.o(i.SPI_BiDirectionalLineConfig), (28 bytes).
    Removing stm32f10x_spi.o(i.SPI_CalculateCRC), (24 bytes).
    Removing stm32f10x_spi.o(i.SPI_Cmd), (24 bytes).
    Removing stm32f10x_spi.o(i.SPI_DataSizeConfig), (18 bytes).
    Removing stm32f10x_spi.o(i.SPI_GetCRC), (16 bytes).
    Removing stm32f10x_spi.o(i.SPI_GetCRCPolynomial), (6 bytes).
    Removing stm32f10x_spi.o(i.SPI_I2S_ClearFlag), (6 bytes).
    Removing stm32f10x_spi.o(i.SPI_I2S_ClearITPendingBit), (20 bytes).
    Removing stm32f10x_spi.o(i.SPI_I2S_DMACmd), (18 bytes).
    Removing stm32f10x_spi.o(i.SPI_I2S_DeInit), (88 bytes).
    Removing stm32f10x_spi.o(i.SPI_I2S_GetFlagStatus), (18 bytes).
    Removing stm32f10x_spi.o(i.SPI_I2S_GetITStatus), (52 bytes).
    Removing stm32f10x_spi.o(i.SPI_I2S_ITConfig), (32 bytes).
    Removing stm32f10x_spi.o(i.SPI_I2S_ReceiveData), (6 bytes).
    Removing stm32f10x_spi.o(i.SPI_I2S_SendData), (4 bytes).
    Removing stm32f10x_spi.o(i.SPI_Init), (60 bytes).
    Removing stm32f10x_spi.o(i.SPI_NSSInternalSoftwareConfig), (30 bytes).
    Removing stm32f10x_spi.o(i.SPI_SSOutputCmd), (24 bytes).
    Removing stm32f10x_spi.o(i.SPI_StructInit), (24 bytes).
    Removing stm32f10x_spi.o(i.SPI_TransmitCRC), (10 bytes).
    Removing stm32f10x_tim.o(i.TI1_Config), (128 bytes).
    Removing stm32f10x_tim.o(i.TI2_Config), (152 bytes).
    Removing stm32f10x_tim.o(i.TI3_Config), (144 bytes).
    Removing stm32f10x_tim.o(i.TI4_Config), (152 bytes).
    Removing stm32f10x_tim.o(i.TIM_ARRPreloadConfig), (24 bytes).
    Removing stm32f10x_tim.o(i.TIM_BDTRConfig), (32 bytes).
    Removing stm32f10x_tim.o(i.TIM_BDTRStructInit), (18 bytes).
    Removing stm32f10x_tim.o(i.TIM_CCPreloadControl), (24 bytes).
    Removing stm32f10x_tim.o(i.TIM_CCxCmd), (30 bytes).
    Removing stm32f10x_tim.o(i.TIM_CCxNCmd), (30 bytes).
    Removing stm32f10x_tim.o(i.TIM_ClearOC1Ref), (18 bytes).
    Removing stm32f10x_tim.o(i.TIM_ClearOC2Ref), (24 bytes).
    Removing stm32f10x_tim.o(i.TIM_ClearOC3Ref), (18 bytes).
    Removing stm32f10x_tim.o(i.TIM_ClearOC4Ref), (24 bytes).
    Removing stm32f10x_tim.o(i.TIM_CounterModeConfig), (18 bytes).
    Removing stm32f10x_tim.o(i.TIM_CtrlPWMOutputs), (30 bytes).
    Removing stm32f10x_tim.o(i.TIM_DMACmd), (18 bytes).
    Removing stm32f10x_tim.o(i.TIM_DMAConfig), (10 bytes).
    Removing stm32f10x_tim.o(i.TIM_DeInit), (488 bytes).
    Removing stm32f10x_tim.o(i.TIM_ETRClockMode1Config), (54 bytes).
    Removing stm32f10x_tim.o(i.TIM_ETRClockMode2Config), (32 bytes).
    Removing stm32f10x_tim.o(i.TIM_ETRConfig), (28 bytes).
    Removing stm32f10x_tim.o(i.TIM_EncoderInterfaceConfig), (66 bytes).
    Removing stm32f10x_tim.o(i.TIM_ForcedOC1Config), (18 bytes).
    Removing stm32f10x_tim.o(i.TIM_ForcedOC2Config), (26 bytes).
    Removing stm32f10x_tim.o(i.TIM_ForcedOC3Config), (18 bytes).
    Removing stm32f10x_tim.o(i.TIM_ForcedOC4Config), (26 bytes).
    Removing stm32f10x_tim.o(i.TIM_GenerateEvent), (4 bytes).
    Removing stm32f10x_tim.o(i.TIM_GetCapture1), (6 bytes).
    Removing stm32f10x_tim.o(i.TIM_GetCapture2), (6 bytes).
    Removing stm32f10x_tim.o(i.TIM_GetCapture3), (6 bytes).
    Removing stm32f10x_tim.o(i.TIM_GetCapture4), (8 bytes).
    Removing stm32f10x_tim.o(i.TIM_GetCounter), (6 bytes).
    Removing stm32f10x_tim.o(i.TIM_GetFlagStatus), (18 bytes).
    Removing stm32f10x_tim.o(i.TIM_GetPrescaler), (6 bytes).
    Removing stm32f10x_tim.o(i.TIM_ICInit), (172 bytes).
    Removing stm32f10x_tim.o(i.TIM_ICStructInit), (18 bytes).
    Removing stm32f10x_tim.o(i.TIM_ITRxExternalClockConfig), (24 bytes).
    Removing stm32f10x_tim.o(i.TIM_OC1FastConfig), (18 bytes).
    Removing stm32f10x_tim.o(i.TIM_OC1NPolarityConfig), (18 bytes).
    Removing stm32f10x_tim.o(i.TIM_OC1PolarityConfig), (18 bytes).
    Removing stm32f10x_tim.o(i.TIM_OC2FastConfig), (26 bytes).
    Removing stm32f10x_tim.o(i.TIM_OC2Init), (164 bytes).
    Removing stm32f10x_tim.o(i.TIM_OC2NPolarityConfig), (26 bytes).
    Removing stm32f10x_tim.o(i.TIM_OC2PolarityConfig), (26 bytes).
    Removing stm32f10x_tim.o(i.TIM_OC2PreloadConfig), (26 bytes).
    Removing stm32f10x_tim.o(i.TIM_OC3FastConfig), (18 bytes).
    Removing stm32f10x_tim.o(i.TIM_OC3Init), (160 bytes).
    Removing stm32f10x_tim.o(i.TIM_OC3NPolarityConfig), (26 bytes).
    Removing stm32f10x_tim.o(i.TIM_OC3PolarityConfig), (26 bytes).
    Removing stm32f10x_tim.o(i.TIM_OC3PreloadConfig), (18 bytes).
    Removing stm32f10x_tim.o(i.TIM_OC4FastConfig), (26 bytes).
    Removing stm32f10x_tim.o(i.TIM_OC4Init), (124 bytes).
    Removing stm32f10x_tim.o(i.TIM_OC4PolarityConfig), (26 bytes).
    Removing stm32f10x_tim.o(i.TIM_OC4PreloadConfig), (26 bytes).
    Removing stm32f10x_tim.o(i.TIM_OCStructInit), (20 bytes).
    Removing stm32f10x_tim.o(i.TIM_PWMIConfig), (124 bytes).
    Removing stm32f10x_tim.o(i.TIM_PrescalerConfig), (6 bytes).
    Removing stm32f10x_tim.o(i.TIM_SelectCCDMA), (24 bytes).
    Removing stm32f10x_tim.o(i.TIM_SelectCOM), (24 bytes).
    Removing stm32f10x_tim.o(i.TIM_SelectHallSensor), (24 bytes).
    Removing stm32f10x_tim.o(i.TIM_SelectInputTrigger), (18 bytes).
    Removing stm32f10x_tim.o(i.TIM_SelectMasterSlaveMode), (18 bytes).
    Removing stm32f10x_tim.o(i.TIM_SelectOCxM), (82 bytes).
    Removing stm32f10x_tim.o(i.TIM_SelectOnePulseMode), (18 bytes).
    Removing stm32f10x_tim.o(i.TIM_SelectOutputTrigger), (18 bytes).
    Removing stm32f10x_tim.o(i.TIM_SelectSlaveMode), (18 bytes).
    Removing stm32f10x_tim.o(i.TIM_SetAutoreload), (4 bytes).
    Removing stm32f10x_tim.o(i.TIM_SetClockDivision), (18 bytes).
    Removing stm32f10x_tim.o(i.TIM_SetCompare2), (4 bytes).
    Removing stm32f10x_tim.o(i.TIM_SetCompare3), (4 bytes).
    Removing stm32f10x_tim.o(i.TIM_SetCompare4), (6 bytes).
    Removing stm32f10x_tim.o(i.TIM_SetCounter), (4 bytes).
    Removing stm32f10x_tim.o(i.TIM_SetIC1Prescaler), (18 bytes).
    Removing stm32f10x_tim.o(i.TIM_SetIC2Prescaler), (26 bytes).
    Removing stm32f10x_tim.o(i.TIM_SetIC3Prescaler), (18 bytes).
    Removing stm32f10x_tim.o(i.TIM_SetIC4Prescaler), (26 bytes).
    Removing stm32f10x_tim.o(i.TIM_TIxExternalClockConfig), (62 bytes).
    Removing stm32f10x_tim.o(i.TIM_TimeBaseStructInit), (18 bytes).
    Removing stm32f10x_tim.o(i.TIM_UpdateDisableConfig), (24 bytes).
    Removing stm32f10x_tim.o(i.TIM_UpdateRequestConfig), (24 bytes).
    Removing stm32f10x_usart.o(i.USART_ClearFlag), (18 bytes).
    Removing stm32f10x_usart.o(i.USART_ClearITPendingBit), (30 bytes).
    Removing stm32f10x_usart.o(i.USART_ClockInit), (34 bytes).
    Removing stm32f10x_usart.o(i.USART_ClockStructInit), (12 bytes).
    Removing stm32f10x_usart.o(i.USART_Cmd), (24 bytes).
    Removing stm32f10x_usart.o(i.USART_DMACmd), (18 bytes).
    Removing stm32f10x_usart.o(i.USART_DeInit), (156 bytes).
    Removing stm32f10x_usart.o(i.USART_GetFlagStatus), (26 bytes).
    Removing stm32f10x_usart.o(i.USART_HalfDuplexCmd), (24 bytes).
    Removing stm32f10x_usart.o(i.USART_ITConfig), (74 bytes).
    Removing stm32f10x_usart.o(i.USART_Init), (216 bytes).
    Removing stm32f10x_usart.o(i.USART_IrDACmd), (24 bytes).
    Removing stm32f10x_usart.o(i.USART_IrDAConfig), (18 bytes).
    Removing stm32f10x_usart.o(i.USART_LINBreakDetectLengthConfig), (18 bytes).
    Removing stm32f10x_usart.o(i.USART_LINCmd), (24 bytes).
    Removing stm32f10x_usart.o(i.USART_OneBitMethodCmd), (24 bytes).
    Removing stm32f10x_usart.o(i.USART_OverSampling8Cmd), (22 bytes).
    Removing stm32f10x_usart.o(i.USART_ReceiverWakeUpCmd), (24 bytes).
    Removing stm32f10x_usart.o(i.USART_SendBreak), (10 bytes).
    Removing stm32f10x_usart.o(i.USART_SendData), (8 bytes).
    Removing stm32f10x_usart.o(i.USART_SetAddress), (18 bytes).
    Removing stm32f10x_usart.o(i.USART_SetGuardTime), (16 bytes).
    Removing stm32f10x_usart.o(i.USART_SetPrescaler), (16 bytes).
    Removing stm32f10x_usart.o(i.USART_SmartCardCmd), (24 bytes).
    Removing stm32f10x_usart.o(i.USART_SmartCardNACKCmd), (24 bytes).
    Removing stm32f10x_usart.o(i.USART_StructInit), (24 bytes).
    Removing stm32f10x_usart.o(i.USART_WakeUpConfig), (18 bytes).
    Removing stm32f10x_wwdg.o(i.WWDG_ClearFlag), (12 bytes).
    Removing stm32f10x_wwdg.o(i.WWDG_DeInit), (22 bytes).
    Removing stm32f10x_wwdg.o(i.WWDG_Enable), (16 bytes).
    Removing stm32f10x_wwdg.o(i.WWDG_EnableIT), (12 bytes).
    Removing stm32f10x_wwdg.o(i.WWDG_GetFlagStatus), (12 bytes).
    Removing stm32f10x_wwdg.o(i.WWDG_SetCounter), (16 bytes).
    Removing stm32f10x_wwdg.o(i.WWDG_SetPrescaler), (24 bytes).
    Removing stm32f10x_wwdg.o(i.WWDG_SetWindowValue), (40 bytes).
    Removing sys.o(i.NVIC_Configuration), (12 bytes).
    Removing usart.o(i.fputc), (28 bytes).
    Removing usart.o(i.uart_init), (160 bytes).

461 unused section(s) (total 19086 bytes) removed from the image.

==============================================================================

Image Symbol Table

    Local Symbols

    Symbol Name                              Value     Ov Type        Size  Object(Section)

    ../clib/angel/boardlib.s                 0x00000000   Number         0  boardshut.o ABSOLUTE
    ../clib/angel/boardlib.s                 0x00000000   Number         0  boardinit2.o ABSOLUTE
    ../clib/angel/boardlib.s                 0x00000000   Number         0  boardinit1.o ABSOLUTE
    ../clib/angel/boardlib.s                 0x00000000   Number         0  boardinit3.o ABSOLUTE
    ../clib/angel/handlers.s                 0x00000000   Number         0  __scatter_zi.o ABSOLUTE
    ../clib/angel/handlers.s                 0x00000000   Number         0  __scatter_copy.o ABSOLUTE
    ../clib/angel/kernel.s                   0x00000000   Number         0  __rtentry2.o ABSOLUTE
    ../clib/angel/kernel.s                   0x00000000   Number         0  rtexit.o ABSOLUTE
    ../clib/angel/kernel.s                   0x00000000   Number         0  __rtentry4.o ABSOLUTE
    ../clib/angel/kernel.s                   0x00000000   Number         0  rtexit2.o ABSOLUTE
    ../clib/angel/kernel.s                   0x00000000   Number         0  __rtentry.o ABSOLUTE
    ../clib/angel/rt.s                       0x00000000   Number         0  rt_div0.o ABSOLUTE
    ../clib/angel/rt.s                       0x00000000   Number         0  rt_errno_addr.o ABSOLUTE
    ../clib/angel/rt.s                       0x00000000   Number         0  rt_errno_addr_intlibspace.o ABSOLUTE
    ../clib/angel/rt.s                       0x00000000   Number         0  aeabi_ldiv0_sigfpe.o ABSOLUTE
    ../clib/angel/rt.s                       0x00000000   Number         0  rt_raise.o ABSOLUTE
    ../clib/angel/rt.s                       0x00000000   Number         0  aeabi_ldiv0.o ABSOLUTE
    ../clib/angel/scatter.s                  0x00000000   Number         0  __scatter.o ABSOLUTE
    ../clib/angel/startup.s                  0x00000000   Number         0  __main.o ABSOLUTE
    ../clib/angel/sys.s                      0x00000000   Number         0  use_no_semi_2.o ABSOLUTE
    ../clib/angel/sys.s                      0x00000000   Number         0  libspace.o ABSOLUTE
    ../clib/angel/sys.s                      0x00000000   Number         0  sys_stackheap_outer.o ABSOLUTE
    ../clib/angel/sys.s                      0x00000000   Number         0  indicate_semi.o ABSOLUTE
    ../clib/angel/sys.s                      0x00000000   Number         0  use_no_semi.o ABSOLUTE
    ../clib/angel/sysapp.c                   0x00000000   Number         0  sys_wrch.o ABSOLUTE
    ../clib/angel/sysapp.c                   0x00000000   Number         0  sys_command.o ABSOLUTE
    ../clib/armsys.c                         0x00000000   Number         0  no_argv.o ABSOLUTE
    ../clib/armsys.c                         0x00000000   Number         0  argv_veneer.o ABSOLUTE
    ../clib/armsys.c                         0x00000000   Number         0  argv_veneer.o ABSOLUTE
    ../clib/armsys.c                         0x00000000   Number         0  _get_argv_nomalloc.o ABSOLUTE
    ../clib/fenv.c                           0x00000000   Number         0  _rserrno.o ABSOLUTE
    ../clib/heapalloc.c                      0x00000000   Number         0  hrguard.o ABSOLUTE
    ../clib/heapaux.c                        0x00000000   Number         0  heapauxi.o ABSOLUTE
    ../clib/libinit.s                        0x00000000   Number         0  libinit2.o ABSOLUTE
    ../clib/libinit.s                        0x00000000   Number         0  libinit.o ABSOLUTE
    ../clib/libinit.s                        0x00000000   Number         0  libshutdown.o ABSOLUTE
    ../clib/libinit.s                        0x00000000   Number         0  libshutdown2.o ABSOLUTE
    ../clib/longlong.s                       0x00000000   Number         0  lludivv7m.o ABSOLUTE
    ../clib/signal.c                         0x00000000   Number         0  defsig_fpe_inner.o ABSOLUTE
    ../clib/signal.c                         0x00000000   Number         0  defsig_rtmem_outer.o ABSOLUTE
    ../clib/signal.c                         0x00000000   Number         0  defsig_rtmem_inner.o ABSOLUTE
    ../clib/signal.c                         0x00000000   Number         0  defsig_rtred_inner.o ABSOLUTE
    ../clib/signal.c                         0x00000000   Number         0  defsig_abrt_inner.o ABSOLUTE
    ../clib/signal.c                         0x00000000   Number         0  defsig_fpe_outer.o ABSOLUTE
    ../clib/signal.c                         0x00000000   Number         0  defsig_fpe_formal.o ABSOLUTE
    ../clib/signal.c                         0x00000000   Number         0  defsig_segv_inner.o ABSOLUTE
    ../clib/signal.c                         0x00000000   Number         0  defsig_other.o ABSOLUTE
    ../clib/signal.c                         0x00000000   Number         0  __raise.o ABSOLUTE
    ../clib/signal.c                         0x00000000   Number         0  defsig_exit.o ABSOLUTE
    ../clib/signal.c                         0x00000000   Number         0  defsig_general.o ABSOLUTE
    ../clib/signal.c                         0x00000000   Number         0  defsig_cppl_inner.o ABSOLUTE
    ../clib/signal.c                         0x00000000   Number         0  defsig_pvfn_inner.o ABSOLUTE
    ../clib/signal.c                         0x00000000   Number         0  defsig_stak_inner.o ABSOLUTE
    ../clib/signal.c                         0x00000000   Number         0  defsig_rtmem_formal.o ABSOLUTE
    ../clib/signal.s                         0x00000000   Number         0  defsig.o ABSOLUTE
    ../clib/stdlib.c                         0x00000000   Number         0  exit.o ABSOLUTE
    ../fplib/daddsub.s                       0x00000000   Number         0  daddsub_clz.o ABSOLUTE
    ../fplib/dcheck1.s                       0x00000000   Number         0  dcheck1.o ABSOLUTE
    ../fplib/ddiv.s                          0x00000000   Number         0  ddiv.o ABSOLUTE
    ../fplib/dfix.s                          0x00000000   Number         0  dfix.o ABSOLUTE
    ../fplib/dfixu.s                         0x00000000   Number         0  dfixu.o ABSOLUTE
    ../fplib/dflt.s                          0x00000000   Number         0  dflt_clz.o ABSOLUTE
    ../fplib/dmul.s                          0x00000000   Number         0  dmul.o ABSOLUTE
    ../fplib/dnaninf.s                       0x00000000   Number         0  dnaninf.o ABSOLUTE
    ../fplib/dretinf.s                       0x00000000   Number         0  dretinf.o ABSOLUTE
    ../fplib/ffixu.s                         0x00000000   Number         0  ffixu.o ABSOLUTE
    ../fplib/fflt.s                          0x00000000   Number         0  fflt_clz.o ABSOLUTE
    ../fplib/fmul.s                          0x00000000   Number         0  fmul.o ABSOLUTE
    ../fplib/fnaninf.s                       0x00000000   Number         0  fnaninf.o ABSOLUTE
    ../fplib/fpinit.s                        0x00000000   Number         0  fpinit.o ABSOLUTE
    ../fplib/fretinf.s                       0x00000000   Number         0  fretinf.o ABSOLUTE
    ../fplib/retnan.s                        0x00000000   Number         0  retnan.o ABSOLUTE
    ../fplib/scalbn.s                        0x00000000   Number         0  scalbn.o ABSOLUTE
    ../fplib/trapv.s                         0x00000000   Number         0  trapv.o ABSOLUTE
    ../fplib/usenofp.s                       0x00000000   Number         0  usenofp.o ABSOLUTE
    ../mathlib/cos.c                         0x00000000   Number         0  cos.o ABSOLUTE
    ../mathlib/cos.c                         0x00000000   Number         0  cos_x.o ABSOLUTE
    ../mathlib/cos_i.c                       0x00000000   Number         0  cos_i.o ABSOLUTE
    ../mathlib/dunder.c                      0x00000000   Number         0  dunder.o ABSOLUTE
    ../mathlib/fpclassify.c                  0x00000000   Number         0  fpclassify.o ABSOLUTE
    ../mathlib/poly.c                        0x00000000   Number         0  poly.o ABSOLUTE
    ../mathlib/rred.c                        0x00000000   Number         0  rred.o ABSOLUTE
    ../mathlib/sin.c                         0x00000000   Number         0  sin_x.o ABSOLUTE
    ../mathlib/sin.c                         0x00000000   Number         0  sin.o ABSOLUTE
    ../mathlib/sin_i.c                       0x00000000   Number         0  sin_i_x.o ABSOLUTE
    ../mathlib/sin_i.c                       0x00000000   Number         0  sin_i.o ABSOLUTE
    ..\CORE\core_cm3.c                       0x00000000   Number         0  core_cm3.o ABSOLUTE
    ..\CORE\startup_stm32f10x_md.s           0x00000000   Number         0  startup_stm32f10x_md.o ABSOLUTE
    ..\HARDWARE\HCSR04\HCSR04.c              0x00000000   Number         0  hcsr04.o ABSOLUTE
    ..\HARDWARE\LCD\lcd.c                    0x00000000   Number         0  lcd.o ABSOLUTE
    ..\HARDWARE\LCD\lcd_init.c               0x00000000   Number         0  lcd_init.o ABSOLUTE
    ..\HARDWARE\LED\led.c                    0x00000000   Number         0  led.o ABSOLUTE
    ..\HARDWARE\RADAR\radar.c                0x00000000   Number         0  radar.o ABSOLUTE
    ..\HARDWARE\SERVO\servo.c                0x00000000   Number         0  servo.o ABSOLUTE
    ..\HARDWARE\TIM\tim.c                    0x00000000   Number         0  tim.o ABSOLUTE
    ..\STM32F10x_FWLib\src\misc.c            0x00000000   Number         0  misc.o ABSOLUTE
    ..\STM32F10x_FWLib\src\stm32f10x_adc.c   0x00000000   Number         0  stm32f10x_adc.o ABSOLUTE
    ..\STM32F10x_FWLib\src\stm32f10x_bkp.c   0x00000000   Number         0  stm32f10x_bkp.o ABSOLUTE
    ..\STM32F10x_FWLib\src\stm32f10x_can.c   0x00000000   Number         0  stm32f10x_can.o ABSOLUTE
    ..\STM32F10x_FWLib\src\stm32f10x_cec.c   0x00000000   Number         0  stm32f10x_cec.o ABSOLUTE
    ..\STM32F10x_FWLib\src\stm32f10x_crc.c   0x00000000   Number         0  stm32f10x_crc.o ABSOLUTE
    ..\STM32F10x_FWLib\src\stm32f10x_dac.c   0x00000000   Number         0  stm32f10x_dac.o ABSOLUTE
    ..\STM32F10x_FWLib\src\stm32f10x_dbgmcu.c 0x00000000   Number         0  stm32f10x_dbgmcu.o ABSOLUTE
    ..\STM32F10x_FWLib\src\stm32f10x_dma.c   0x00000000   Number         0  stm32f10x_dma.o ABSOLUTE
    ..\STM32F10x_FWLib\src\stm32f10x_exti.c  0x00000000   Number         0  stm32f10x_exti.o ABSOLUTE
    ..\STM32F10x_FWLib\src\stm32f10x_flash.c 0x00000000   Number         0  stm32f10x_flash.o ABSOLUTE
    ..\STM32F10x_FWLib\src\stm32f10x_fsmc.c  0x00000000   Number         0  stm32f10x_fsmc.o ABSOLUTE
    ..\STM32F10x_FWLib\src\stm32f10x_gpio.c  0x00000000   Number         0  stm32f10x_gpio.o ABSOLUTE
    ..\STM32F10x_FWLib\src\stm32f10x_i2c.c   0x00000000   Number         0  stm32f10x_i2c.o ABSOLUTE
    ..\STM32F10x_FWLib\src\stm32f10x_iwdg.c  0x00000000   Number         0  stm32f10x_iwdg.o ABSOLUTE
    ..\STM32F10x_FWLib\src\stm32f10x_pwr.c   0x00000000   Number         0  stm32f10x_pwr.o ABSOLUTE
    ..\STM32F10x_FWLib\src\stm32f10x_rcc.c   0x00000000   Number         0  stm32f10x_rcc.o ABSOLUTE
    ..\STM32F10x_FWLib\src\stm32f10x_rtc.c   0x00000000   Number         0  stm32f10x_rtc.o ABSOLUTE
    ..\STM32F10x_FWLib\src\stm32f10x_sdio.c  0x00000000   Number         0  stm32f10x_sdio.o ABSOLUTE
    ..\STM32F10x_FWLib\src\stm32f10x_spi.c   0x00000000   Number         0  stm32f10x_spi.o ABSOLUTE
    ..\STM32F10x_FWLib\src\stm32f10x_tim.c   0x00000000   Number         0  stm32f10x_tim.o ABSOLUTE
    ..\STM32F10x_FWLib\src\stm32f10x_usart.c 0x00000000   Number         0  stm32f10x_usart.o ABSOLUTE
    ..\STM32F10x_FWLib\src\stm32f10x_wwdg.c  0x00000000   Number         0  stm32f10x_wwdg.o ABSOLUTE
    ..\SYSTEM\delay\delay.c                  0x00000000   Number         0  delay.o ABSOLUTE
    ..\SYSTEM\sys\sys.c                      0x00000000   Number         0  sys.o ABSOLUTE
    ..\SYSTEM\usart\usart.c                  0x00000000   Number         0  usart.o ABSOLUTE
    ..\\CORE\\core_cm3.c                     0x00000000   Number         0  core_cm3.o ABSOLUTE
    dc.s                                     0x00000000   Number         0  dc.o ABSOLUTE
    main.c                                   0x00000000   Number         0  main.o ABSOLUTE
    stm32f10x_it.c                           0x00000000   Number         0  stm32f10x_it.o ABSOLUTE
    system_stm32f10x.c                       0x00000000   Number         0  system_stm32f10x.o ABSOLUTE
    RESET                                    0x08000000   Section      236  startup_stm32f10x_md.o(RESET)
    !!!main                                  0x080000ec   Section        8  __main.o(!!!main)
    !!!scatter                               0x080000f4   Section       52  __scatter.o(!!!scatter)
    !!handler_copy                           0x08000128   Section       26  __scatter_copy.o(!!handler_copy)
    !!handler_zi                             0x08000144   Section       28  __scatter_zi.o(!!handler_zi)
    .ARM.Collect$$libinit$$00000000          0x08000160   Section        2  libinit.o(.ARM.Collect$$libinit$$00000000)
    .ARM.Collect$$libinit$$00000002          0x08000162   Section        0  libinit2.o(.ARM.Collect$$libinit$$00000002)
    .ARM.Collect$$libinit$$00000004          0x08000162   Section        0  libinit2.o(.ARM.Collect$$libinit$$00000004)
    .ARM.Collect$$libinit$$0000000A          0x08000162   Section        0  libinit2.o(.ARM.Collect$$libinit$$0000000A)
    .ARM.Collect$$libinit$$0000000C          0x08000162   Section        0  libinit2.o(.ARM.Collect$$libinit$$0000000C)
    .ARM.Collect$$libinit$$0000000E          0x08000162   Section        0  libinit2.o(.ARM.Collect$$libinit$$0000000E)
    .ARM.Collect$$libinit$$00000011          0x08000162   Section        0  libinit2.o(.ARM.Collect$$libinit$$00000011)
    .ARM.Collect$$libinit$$00000013          0x08000162   Section        0  libinit2.o(.ARM.Collect$$libinit$$00000013)
    .ARM.Collect$$libinit$$00000015          0x08000162   Section        0  libinit2.o(.ARM.Collect$$libinit$$00000015)
    .ARM.Collect$$libinit$$00000017          0x08000162   Section        0  libinit2.o(.ARM.Collect$$libinit$$00000017)
    .ARM.Collect$$libinit$$00000019          0x08000162   Section        0  libinit2.o(.ARM.Collect$$libinit$$00000019)
    .ARM.Collect$$libinit$$0000001B          0x08000162   Section        0  libinit2.o(.ARM.Collect$$libinit$$0000001B)
    .ARM.Collect$$libinit$$0000001D          0x08000162   Section        0  libinit2.o(.ARM.Collect$$libinit$$0000001D)
    .ARM.Collect$$libinit$$0000001F          0x08000162   Section        0  libinit2.o(.ARM.Collect$$libinit$$0000001F)
    .ARM.Collect$$libinit$$00000021          0x08000162   Section        0  libinit2.o(.ARM.Collect$$libinit$$00000021)
    .ARM.Collect$$libinit$$00000023          0x08000162   Section        0  libinit2.o(.ARM.Collect$$libinit$$00000023)
    .ARM.Collect$$libinit$$00000025          0x08000162   Section        0  libinit2.o(.ARM.Collect$$libinit$$00000025)
    .ARM.Collect$$libinit$$0000002C          0x08000162   Section        0  libinit2.o(.ARM.Collect$$libinit$$0000002C)
    .ARM.Collect$$libinit$$0000002E          0x08000162   Section        0  libinit2.o(.ARM.Collect$$libinit$$0000002E)
    .ARM.Collect$$libinit$$00000030          0x08000162   Section        0  libinit2.o(.ARM.Collect$$libinit$$00000030)
    .ARM.Collect$$libinit$$00000032          0x08000162   Section        0  libinit2.o(.ARM.Collect$$libinit$$00000032)
    .ARM.Collect$$libinit$$00000033          0x08000162   Section        2  libinit2.o(.ARM.Collect$$libinit$$00000033)
    .ARM.Collect$$libshutdown$$00000000      0x08000164   Section        2  libshutdown.o(.ARM.Collect$$libshutdown$$00000000)
    .ARM.Collect$$libshutdown$$00000002      0x08000166   Section        0  libshutdown2.o(.ARM.Collect$$libshutdown$$00000002)
    .ARM.Collect$$libshutdown$$00000004      0x08000166   Section        0  libshutdown2.o(.ARM.Collect$$libshutdown$$00000004)
    .ARM.Collect$$libshutdown$$00000006      0x08000166   Section        0  libshutdown2.o(.ARM.Collect$$libshutdown$$00000006)
    .ARM.Collect$$libshutdown$$00000009      0x08000166   Section        0  libshutdown2.o(.ARM.Collect$$libshutdown$$00000009)
    .ARM.Collect$$libshutdown$$0000000C      0x08000166   Section        0  libshutdown2.o(.ARM.Collect$$libshutdown$$0000000C)
    .ARM.Collect$$libshutdown$$0000000E      0x08000166   Section        0  libshutdown2.o(.ARM.Collect$$libshutdown$$0000000E)
    .ARM.Collect$$libshutdown$$00000011      0x08000166   Section        0  libshutdown2.o(.ARM.Collect$$libshutdown$$00000011)
    .ARM.Collect$$libshutdown$$00000012      0x08000166   Section        2  libshutdown2.o(.ARM.Collect$$libshutdown$$00000012)
    .ARM.Collect$$rtentry$$00000000          0x08000168   Section        0  __rtentry.o(.ARM.Collect$$rtentry$$00000000)
    .ARM.Collect$$rtentry$$00000002          0x08000168   Section        0  __rtentry2.o(.ARM.Collect$$rtentry$$00000002)
    .ARM.Collect$$rtentry$$00000004          0x08000168   Section        6  __rtentry4.o(.ARM.Collect$$rtentry$$00000004)
    .ARM.Collect$$rtentry$$00000009          0x0800016e   Section        0  __rtentry2.o(.ARM.Collect$$rtentry$$00000009)
    .ARM.Collect$$rtentry$$0000000A          0x0800016e   Section        4  __rtentry2.o(.ARM.Collect$$rtentry$$0000000A)
    .ARM.Collect$$rtentry$$0000000C          0x08000172   Section        0  __rtentry2.o(.ARM.Collect$$rtentry$$0000000C)
    .ARM.Collect$$rtentry$$0000000D          0x08000172   Section        8  __rtentry2.o(.ARM.Collect$$rtentry$$0000000D)
    .ARM.Collect$$rtexit$$00000000           0x0800017a   Section        2  rtexit.o(.ARM.Collect$$rtexit$$00000000)
    .ARM.Collect$$rtexit$$00000002           0x0800017c   Section        0  rtexit2.o(.ARM.Collect$$rtexit$$00000002)
    .ARM.Collect$$rtexit$$00000003           0x0800017c   Section        4  rtexit2.o(.ARM.Collect$$rtexit$$00000003)
    .ARM.Collect$$rtexit$$00000004           0x08000180   Section        6  rtexit2.o(.ARM.Collect$$rtexit$$00000004)
    .text                                    0x08000188   Section       64  startup_stm32f10x_md.o(.text)
    .text                                    0x080001c8   Section        2  use_no_semi_2.o(.text)
    .text                                    0x080001ca   Section      238  lludivv7m.o(.text)
    .text                                    0x080002b8   Section        0  heapauxi.o(.text)
    .text                                    0x080002be   Section        2  use_no_semi.o(.text)
    .text                                    0x080002c0   Section        0  _rserrno.o(.text)
    .text                                    0x080002d8   Section        8  rt_errno_addr_intlibspace.o(.text)
    .text                                    0x080002e0   Section        8  libspace.o(.text)
    .text                                    0x080002e8   Section       74  sys_stackheap_outer.o(.text)
    .text                                    0x08000332   Section        0  exit.o(.text)
    i.BusFault_Handler                       0x08000344   Section        0  stm32f10x_it.o(i.BusFault_Handler)
    i.DebugMon_Handler                       0x08000348   Section        0  stm32f10x_it.o(i.DebugMon_Handler)
    i.Draw_Circle                            0x0800034a   Section        0  lcd.o(i.Draw_Circle)
    i.GPIO_Init                              0x08000476   Section        0  stm32f10x_gpio.o(i.GPIO_Init)
    i.GPIO_ReadInputDataBit                  0x0800058c   Section        0  stm32f10x_gpio.o(i.GPIO_ReadInputDataBit)
    i.GPIO_ResetBits                         0x0800059e   Section        0  stm32f10x_gpio.o(i.GPIO_ResetBits)
    i.GPIO_SetBits                           0x080005a2   Section        0  stm32f10x_gpio.o(i.GPIO_SetBits)
    i.GPIO_WriteBit                          0x080005a6   Section        0  stm32f10x_gpio.o(i.GPIO_WriteBit)
    i.HC_SR04_Init                           0x080005b0   Section        0  hcsr04.o(i.HC_SR04_Init)
    i.HardFault_Handler                      0x080005e0   Section        0  stm32f10x_it.o(i.HardFault_Handler)
    i.LCD_Address_Set                        0x080005e4   Section        0  lcd_init.o(i.LCD_Address_Set)
    i.LCD_DrawLine                           0x08000626   Section        0  lcd.o(i.LCD_DrawLine)
    i.LCD_DrawPoint                          0x080006d2   Section        0  lcd.o(i.LCD_DrawPoint)
    i.LCD_DrawRectangle                      0x080006ee   Section        0  lcd.o(i.LCD_DrawRectangle)
    i.LCD_Fill                               0x08000738   Section        0  lcd.o(i.LCD_Fill)
    i.LCD_GPIO_Init                          0x08000784   Section        0  lcd_init.o(i.LCD_GPIO_Init)
    i.LCD_Init                               0x080007b8   Section        0  lcd_init.o(i.LCD_Init)
    i.LCD_ShowChar                           0x08000970   Section        0  lcd.o(i.LCD_ShowChar)
    i.LCD_ShowChinese                        0x08000ac8   Section        0  lcd.o(i.LCD_ShowChinese)
    i.LCD_ShowChinese12x12                   0x08000b54   Section        0  lcd.o(i.LCD_ShowChinese12x12)
    i.LCD_ShowChinese16x16                   0x08000c9c   Section        0  lcd.o(i.LCD_ShowChinese16x16)
    i.LCD_ShowChinese24x24                   0x08000dd4   Section        0  lcd.o(i.LCD_ShowChinese24x24)
    i.LCD_ShowChinese32x32                   0x08000f1c   Section        0  lcd.o(i.LCD_ShowChinese32x32)
    i.LCD_ShowIntNum                         0x08001054   Section        0  lcd.o(i.LCD_ShowIntNum)
    i.LCD_WR_DATA                            0x080010ea   Section        0  lcd_init.o(i.LCD_WR_DATA)
    i.LCD_WR_DATA8                           0x080010fc   Section        0  lcd_init.o(i.LCD_WR_DATA8)
    i.LCD_WR_REG                             0x08001108   Section        0  lcd_init.o(i.LCD_WR_REG)
    i.LCD_Writ_Bus                           0x08001128   Section        0  lcd_init.o(i.LCD_Writ_Bus)
    i.MemManage_Handler                      0x0800117c   Section        0  stm32f10x_it.o(i.MemManage_Handler)
    i.NMI_Handler                            0x08001180   Section        0  stm32f10x_it.o(i.NMI_Handler)
    i.NVIC_Init                              0x08001184   Section        0  misc.o(i.NVIC_Init)
    i.NVIC_PriorityGroupConfig               0x080011f4   Section        0  misc.o(i.NVIC_PriorityGroupConfig)
    i.PendSV_Handler                         0x08001208   Section        0  stm32f10x_it.o(i.PendSV_Handler)
    i.RCC_APB1PeriphClockCmd                 0x0800120c   Section        0  stm32f10x_rcc.o(i.RCC_APB1PeriphClockCmd)
    i.RCC_APB2PeriphClockCmd                 0x0800122c   Section        0  stm32f10x_rcc.o(i.RCC_APB2PeriphClockCmd)
    i.Radarline                              0x0800124c   Section        0  radar.o(i.Radarline)
    i.Radarline2                             0x08001320   Section        0  radar.o(i.Radarline2)
    i.SVC_Handler                            0x080013ec   Section        0  stm32f10x_it.o(i.SVC_Handler)
    i.SetSysClock                            0x080013ee   Section        0  system_stm32f10x.o(i.SetSysClock)
    SetSysClock                              0x080013ef   Thumb Code     8  system_stm32f10x.o(i.SetSysClock)
    i.SetSysClockTo72                        0x080013f8   Section        0  system_stm32f10x.o(i.SetSysClockTo72)
    SetSysClockTo72                          0x080013f9   Thumb Code   214  system_stm32f10x.o(i.SetSysClockTo72)
    i.SysTick_CLKSourceConfig                0x080014d8   Section        0  misc.o(i.SysTick_CLKSourceConfig)
    i.SysTick_Handler                        0x08001500   Section        0  stm32f10x_it.o(i.SysTick_Handler)
    i.SystemInit                             0x08001504   Section        0  system_stm32f10x.o(i.SystemInit)
    i.TIM3_IRQHandler                        0x08001564   Section        0  hcsr04.o(i.TIM3_IRQHandler)
    i.TIM4_CH1_PWM_Init                      0x08001598   Section        0  servo.o(i.TIM4_CH1_PWM_Init)
    i.TIM_ClearFlag                          0x08001624   Section        0  stm32f10x_tim.o(i.TIM_ClearFlag)
    i.TIM_ClearITPendingBit                  0x0800162a   Section        0  stm32f10x_tim.o(i.TIM_ClearITPendingBit)
    i.TIM_Cmd                                0x08001630   Section        0  stm32f10x_tim.o(i.TIM_Cmd)
    i.TIM_GetITStatus                        0x08001648   Section        0  stm32f10x_tim.o(i.TIM_GetITStatus)
    i.TIM_ITConfig                           0x0800166a   Section        0  stm32f10x_tim.o(i.TIM_ITConfig)
    i.TIM_InternalClockConfig                0x0800167c   Section        0  stm32f10x_tim.o(i.TIM_InternalClockConfig)
    i.TIM_OC1Init                            0x08001688   Section        0  stm32f10x_tim.o(i.TIM_OC1Init)
    i.TIM_OC1PreloadConfig                   0x08001720   Section        0  stm32f10x_tim.o(i.TIM_OC1PreloadConfig)
    i.TIM_SetCompare1                        0x08001732   Section        0  stm32f10x_tim.o(i.TIM_SetCompare1)
    i.TIM_TimeBaseInit                       0x08001738   Section        0  stm32f10x_tim.o(i.TIM_TimeBaseInit)
    i.Timer_Init                             0x080017dc   Section        0  tim.o(i.Timer_Init)
    i.USART1_IRQHandler                      0x08001854   Section        0  usart.o(i.USART1_IRQHandler)
    i.USART_GetITStatus                      0x080018dc   Section        0  stm32f10x_usart.o(i.USART_GetITStatus)
    i.USART_ReceiveData                      0x08001930   Section        0  stm32f10x_usart.o(i.USART_ReceiveData)
    i.UsageFault_Handler                     0x0800193a   Section        0  stm32f10x_it.o(i.UsageFault_Handler)
    i.__ARM_fpclassify                       0x0800193e   Section        0  fpclassify.o(i.__ARM_fpclassify)
    i.__ieee754_rem_pio2                     0x08001968   Section        0  rred.o(i.__ieee754_rem_pio2)
    i.__kernel_cos                           0x08001cf0   Section        0  cos_i.o(i.__kernel_cos)
    i.__kernel_poly                          0x08001dec   Section        0  poly.o(i.__kernel_poly)
    i.__kernel_sin                           0x08001e98   Section        0  sin_i.o(i.__kernel_sin)
    i.__mathlib_dbl_infnan                   0x08001f84   Section        0  dunder.o(i.__mathlib_dbl_infnan)
    i.__mathlib_dbl_invalid                  0x08001f8a   Section        0  dunder.o(i.__mathlib_dbl_invalid)
    i.__mathlib_dbl_underflow                0x08001f98   Section        0  dunder.o(i.__mathlib_dbl_underflow)
    i._sys_exit                              0x08001fa8   Section        0  usart.o(i._sys_exit)
    i.cos                                    0x08001fac   Section        0  cos.o(i.cos)
    i.delay_init                             0x08002048   Section        0  delay.o(i.delay_init)
    i.delay_ms                               0x0800208c   Section        0  delay.o(i.delay_ms)
    i.delay_us                               0x080020d8   Section        0  delay.o(i.delay_us)
    i.main                                   0x08002124   Section        0  main.o(i.main)
    i.mypow                                  0x080022bc   Section        0  lcd.o(i.mypow)
    i.radar_picture                          0x080022d4   Section        0  radar.o(i.radar_picture)
    i.sin                                    0x080023a4   Section        0  sin.o(i.sin)
    i.sonar_mm                               0x08002444   Section        0  hcsr04.o(i.sonar_mm)
    x$fpl$dadd                               0x080024e4   Section      336  daddsub_clz.o(x$fpl$dadd)
    _dadd1                                   0x080024f5   Thumb Code     0  daddsub_clz.o(x$fpl$dadd)
    x$fpl$dcheck1                            0x08002634   Section       16  dcheck1.o(x$fpl$dcheck1)
    x$fpl$ddiv                               0x08002644   Section      688  ddiv.o(x$fpl$ddiv)
    ddiv_entry                               0x0800264b   Thumb Code     0  ddiv.o(x$fpl$ddiv)
    x$fpl$dfix                               0x080028f4   Section       94  dfix.o(x$fpl$dfix)
    x$fpl$dfixu                              0x08002954   Section       90  dfixu.o(x$fpl$dfixu)
    x$fpl$dflt                               0x080029ae   Section       46  dflt_clz.o(x$fpl$dflt)
    x$fpl$dfltu                              0x080029dc   Section       38  dflt_clz.o(x$fpl$dfltu)
    x$fpl$dmul                               0x08002a04   Section      340  dmul.o(x$fpl$dmul)
    x$fpl$dnaninf                            0x08002b58   Section      156  dnaninf.o(x$fpl$dnaninf)
    x$fpl$dretinf                            0x08002bf4   Section       12  dretinf.o(x$fpl$dretinf)
    x$fpl$drsb                               0x08002c00   Section       22  daddsub_clz.o(x$fpl$drsb)
    x$fpl$dsub                               0x08002c18   Section      468  daddsub_clz.o(x$fpl$dsub)
    _dsub1                                   0x08002c29   Thumb Code     0  daddsub_clz.o(x$fpl$dsub)
    x$fpl$retnan                             0x08002dec   Section      100  retnan.o(x$fpl$retnan)
    x$fpl$scalbn                             0x08002e50   Section       92  scalbn.o(x$fpl$scalbn)
    x$fpl$trapveneer                         0x08002eac   Section       48  trapv.o(x$fpl$trapveneer)
    .constdata                               0x08002edc   Section    14620  lcd.o(.constdata)
    x$fpl$usenofp                            0x08002edc   Section        0  usenofp.o(x$fpl$usenofp)
    .constdata                               0x080067f8   Section       48  cos_i.o(.constdata)
    C                                        0x080067f8   Data          48  cos_i.o(.constdata)
    .constdata                               0x08006828   Section      200  rred.o(.constdata)
    pio2s                                    0x08006828   Data          48  rred.o(.constdata)
    twooverpi                                0x08006858   Data         152  rred.o(.constdata)
    .constdata                               0x080068f0   Section       40  sin_i.o(.constdata)
    S                                        0x080068f0   Data          40  sin_i.o(.constdata)
    .data                                    0x20000000   Section       20  system_stm32f10x.o(.data)
    .data                                    0x20000018   Section       16  hcsr04.o(.data)
    .data                                    0x20000028   Section        4  delay.o(.data)
    fac_us                                   0x20000028   Data           1  delay.o(.data)
    fac_ms                                   0x2000002a   Data           2  delay.o(.data)
    .data                                    0x2000002c   Section        6  usart.o(.data)
    .bss                                     0x20000034   Section      200  usart.o(.bss)
    .bss                                     0x200000fc   Section       96  libspace.o(.bss)
    HEAP                                     0x20000160   Section      512  startup_stm32f10x_md.o(HEAP)
    Heap_Mem                                 0x20000160   Data         512  startup_stm32f10x_md.o(HEAP)
    STACK                                    0x20000360   Section     1024  startup_stm32f10x_md.o(STACK)
    Stack_Mem                                0x20000360   Data        1024  startup_stm32f10x_md.o(STACK)
    __initial_sp                             0x20000760   Data           0  startup_stm32f10x_md.o(STACK)

    Global Symbols

    Symbol Name                              Value     Ov Type        Size  Object(Section)

    BuildAttributes$$THM_ISAv4$P$D$K$B$S$PE$A:L22UL41UL21$X:L11$S22US41US21$IEEE1$IW$USESV6$~STKCKD$USESV7$~SHL$OTIME$ROPI$IEEEX$EBA8$UX$STANDARDLIB$REQ8$PRES8$EABIv2 0x00000000   Number         0  anon$$obj.o ABSOLUTE
    __ARM_use_no_argv                        0x00000000   Number         0  main.o ABSOLUTE
    __ARM_exceptions_init                     - Undefined Weak Reference
    __alloca_initialize                       - Undefined Weak Reference
    __arm_fini_                               - Undefined Weak Reference
    __arm_preinit_                            - Undefined Weak Reference
    __cpp_initialize__aeabi_                  - Undefined Weak Reference
    __cxa_finalize                            - Undefined Weak Reference
    __rt_locale                               - Undefined Weak Reference
    __sigvec_lookup                           - Undefined Weak Reference
    _atexit_init                              - Undefined Weak Reference
    _call_atexit_fns                          - Undefined Weak Reference
    _clock_init                               - Undefined Weak Reference
    _fp_trap_init                             - Undefined Weak Reference
    _fp_trap_shutdown                         - Undefined Weak Reference
    _get_lc_collate                           - Undefined Weak Reference
    _get_lc_ctype                             - Undefined Weak Reference
    _get_lc_monetary                          - Undefined Weak Reference
    _get_lc_numeric                           - Undefined Weak Reference
    _get_lc_time                              - Undefined Weak Reference
    _getenv_init                              - Undefined Weak Reference
    _handle_redirection                       - Undefined Weak Reference
    _init_alloc                               - Undefined Weak Reference
    _init_user_alloc                          - Undefined Weak Reference
    _initio                                   - Undefined Weak Reference
    _rand_init                                - Undefined Weak Reference
    _signal_finish                            - Undefined Weak Reference
    _signal_init                              - Undefined Weak Reference
    _terminate_alloc                          - Undefined Weak Reference
    _terminate_user_alloc                     - Undefined Weak Reference
    _terminateio                              - Undefined Weak Reference
    __Vectors_Size                           0x000000ec   Number         0  startup_stm32f10x_md.o ABSOLUTE
    __Vectors                                0x08000000   Data           4  startup_stm32f10x_md.o(RESET)
    __Vectors_End                            0x080000ec   Data           0  startup_stm32f10x_md.o(RESET)
    __main                                   0x080000ed   Thumb Code     8  __main.o(!!!main)
    __scatterload                            0x080000f5   Thumb Code     0  __scatter.o(!!!scatter)
    __scatterload_rt2                        0x080000f5   Thumb Code    44  __scatter.o(!!!scatter)
    __scatterload_rt2_thumb_only             0x080000f5   Thumb Code     0  __scatter.o(!!!scatter)
    __scatterload_null                       0x08000103   Thumb Code     0  __scatter.o(!!!scatter)
    __scatterload_copy                       0x08000129   Thumb Code    26  __scatter_copy.o(!!handler_copy)
    __scatterload_zeroinit                   0x08000145   Thumb Code    28  __scatter_zi.o(!!handler_zi)
    __rt_lib_init                            0x08000161   Thumb Code     0  libinit.o(.ARM.Collect$$libinit$$00000000)
    __rt_lib_init_alloca_1                   0x08000163   Thumb Code     0  libinit2.o(.ARM.Collect$$libinit$$0000002E)
    __rt_lib_init_argv_1                     0x08000163   Thumb Code     0  libinit2.o(.ARM.Collect$$libinit$$0000002C)
    __rt_lib_init_atexit_1                   0x08000163   Thumb Code     0  libinit2.o(.ARM.Collect$$libinit$$0000001B)
    __rt_lib_init_clock_1                    0x08000163   Thumb Code     0  libinit2.o(.ARM.Collect$$libinit$$00000021)
    __rt_lib_init_cpp_1                      0x08000163   Thumb Code     0  libinit2.o(.ARM.Collect$$libinit$$00000032)
    __rt_lib_init_exceptions_1               0x08000163   Thumb Code     0  libinit2.o(.ARM.Collect$$libinit$$00000030)
    __rt_lib_init_fp_1                       0x08000163   Thumb Code     0  libinit2.o(.ARM.Collect$$libinit$$00000002)
    __rt_lib_init_fp_trap_1                  0x08000163   Thumb Code     0  libinit2.o(.ARM.Collect$$libinit$$0000001F)
    __rt_lib_init_getenv_1                   0x08000163   Thumb Code     0  libinit2.o(.ARM.Collect$$libinit$$00000023)
    __rt_lib_init_heap_1                     0x08000163   Thumb Code     0  libinit2.o(.ARM.Collect$$libinit$$0000000A)
    __rt_lib_init_lc_collate_1               0x08000163   Thumb Code     0  libinit2.o(.ARM.Collect$$libinit$$00000011)
    __rt_lib_init_lc_ctype_1                 0x08000163   Thumb Code     0  libinit2.o(.ARM.Collect$$libinit$$00000013)
    __rt_lib_init_lc_monetary_1              0x08000163   Thumb Code     0  libinit2.o(.ARM.Collect$$libinit$$00000015)
    __rt_lib_init_lc_numeric_1               0x08000163   Thumb Code     0  libinit2.o(.ARM.Collect$$libinit$$00000017)
    __rt_lib_init_lc_time_1                  0x08000163   Thumb Code     0  libinit2.o(.ARM.Collect$$libinit$$00000019)
    __rt_lib_init_preinit_1                  0x08000163   Thumb Code     0  libinit2.o(.ARM.Collect$$libinit$$00000004)
    __rt_lib_init_rand_1                     0x08000163   Thumb Code     0  libinit2.o(.ARM.Collect$$libinit$$0000000E)
    __rt_lib_init_return                     0x08000163   Thumb Code     0  libinit2.o(.ARM.Collect$$libinit$$00000033)
    __rt_lib_init_signal_1                   0x08000163   Thumb Code     0  libinit2.o(.ARM.Collect$$libinit$$0000001D)
    __rt_lib_init_stdio_1                    0x08000163   Thumb Code     0  libinit2.o(.ARM.Collect$$libinit$$00000025)
    __rt_lib_init_user_alloc_1               0x08000163   Thumb Code     0  libinit2.o(.ARM.Collect$$libinit$$0000000C)
    __rt_lib_shutdown                        0x08000165   Thumb Code     0  libshutdown.o(.ARM.Collect$$libshutdown$$00000000)
    __rt_lib_shutdown_cpp_1                  0x08000167   Thumb Code     0  libshutdown2.o(.ARM.Collect$$libshutdown$$00000004)
    __rt_lib_shutdown_fini_1                 0x08000167   Thumb Code     0  libshutdown2.o(.ARM.Collect$$libshutdown$$00000002)
    __rt_lib_shutdown_fp_trap_1              0x08000167   Thumb Code     0  libshutdown2.o(.ARM.Collect$$libshutdown$$00000009)
    __rt_lib_shutdown_heap_1                 0x08000167   Thumb Code     0  libshutdown2.o(.ARM.Collect$$libshutdown$$00000011)
    __rt_lib_shutdown_return                 0x08000167   Thumb Code     0  libshutdown2.o(.ARM.Collect$$libshutdown$$00000012)
    __rt_lib_shutdown_signal_1               0x08000167   Thumb Code     0  libshutdown2.o(.ARM.Collect$$libshutdown$$0000000C)
    __rt_lib_shutdown_stdio_1                0x08000167   Thumb Code     0  libshutdown2.o(.ARM.Collect$$libshutdown$$00000006)
    __rt_lib_shutdown_user_alloc_1           0x08000167   Thumb Code     0  libshutdown2.o(.ARM.Collect$$libshutdown$$0000000E)
    __rt_entry                               0x08000169   Thumb Code     0  __rtentry.o(.ARM.Collect$$rtentry$$00000000)
    __rt_entry_presh_1                       0x08000169   Thumb Code     0  __rtentry2.o(.ARM.Collect$$rtentry$$00000002)
    __rt_entry_sh                            0x08000169   Thumb Code     0  __rtentry4.o(.ARM.Collect$$rtentry$$00000004)
    __rt_entry_li                            0x0800016f   Thumb Code     0  __rtentry2.o(.ARM.Collect$$rtentry$$0000000A)
    __rt_entry_postsh_1                      0x0800016f   Thumb Code     0  __rtentry2.o(.ARM.Collect$$rtentry$$00000009)
    __rt_entry_main                          0x08000173   Thumb Code     0  __rtentry2.o(.ARM.Collect$$rtentry$$0000000D)
    __rt_entry_postli_1                      0x08000173   Thumb Code     0  __rtentry2.o(.ARM.Collect$$rtentry$$0000000C)
    __rt_exit                                0x0800017b   Thumb Code     0  rtexit.o(.ARM.Collect$$rtexit$$00000000)
    __rt_exit_ls                             0x0800017d   Thumb Code     0  rtexit2.o(.ARM.Collect$$rtexit$$00000003)
    __rt_exit_prels_1                        0x0800017d   Thumb Code     0  rtexit2.o(.ARM.Collect$$rtexit$$00000002)
    __rt_exit_exit                           0x08000181   Thumb Code     0  rtexit2.o(.ARM.Collect$$rtexit$$00000004)
    Reset_Handler                            0x08000189   Thumb Code     8  startup_stm32f10x_md.o(.text)
    ADC1_2_IRQHandler                        0x080001a3   Thumb Code     0  startup_stm32f10x_md.o(.text)
    CAN1_RX1_IRQHandler                      0x080001a3   Thumb Code     0  startup_stm32f10x_md.o(.text)
    CAN1_SCE_IRQHandler                      0x080001a3   Thumb Code     0  startup_stm32f10x_md.o(.text)
    DMA1_Channel1_IRQHandler                 0x080001a3   Thumb Code     0  startup_stm32f10x_md.o(.text)
    DMA1_Channel2_IRQHandler                 0x080001a3   Thumb Code     0  startup_stm32f10x_md.o(.text)
    DMA1_Channel3_IRQHandler                 0x080001a3   Thumb Code     0  startup_stm32f10x_md.o(.text)
    DMA1_Channel4_IRQHandler                 0x080001a3   Thumb Code     0  startup_stm32f10x_md.o(.text)
    DMA1_Channel5_IRQHandler                 0x080001a3   Thumb Code     0  startup_stm32f10x_md.o(.text)
    DMA1_Channel6_IRQHandler                 0x080001a3   Thumb Code     0  startup_stm32f10x_md.o(.text)
    DMA1_Channel7_IRQHandler                 0x080001a3   Thumb Code     0  startup_stm32f10x_md.o(.text)
    EXTI0_IRQHandler                         0x080001a3   Thumb Code     0  startup_stm32f10x_md.o(.text)
    EXTI15_10_IRQHandler                     0x080001a3   Thumb Code     0  startup_stm32f10x_md.o(.text)
    EXTI1_IRQHandler                         0x080001a3   Thumb Code     0  startup_stm32f10x_md.o(.text)
    EXTI2_IRQHandler                         0x080001a3   Thumb Code     0  startup_stm32f10x_md.o(.text)
    EXTI3_IRQHandler                         0x080001a3   Thumb Code     0  startup_stm32f10x_md.o(.text)
    EXTI4_IRQHandler                         0x080001a3   Thumb Code     0  startup_stm32f10x_md.o(.text)
    EXTI9_5_IRQHandler                       0x080001a3   Thumb Code     0  startup_stm32f10x_md.o(.text)
    FLASH_IRQHandler                         0x080001a3   Thumb Code     0  startup_stm32f10x_md.o(.text)
    I2C1_ER_IRQHandler                       0x080001a3   Thumb Code     0  startup_stm32f10x_md.o(.text)
    I2C1_EV_IRQHandler                       0x080001a3   Thumb Code     0  startup_stm32f10x_md.o(.text)
    I2C2_ER_IRQHandler                       0x080001a3   Thumb Code     0  startup_stm32f10x_md.o(.text)
    I2C2_EV_IRQHandler                       0x080001a3   Thumb Code     0  startup_stm32f10x_md.o(.text)
    PVD_IRQHandler                           0x080001a3   Thumb Code     0  startup_stm32f10x_md.o(.text)
    RCC_IRQHandler                           0x080001a3   Thumb Code     0  startup_stm32f10x_md.o(.text)
    RTCAlarm_IRQHandler                      0x080001a3   Thumb Code     0  startup_stm32f10x_md.o(.text)
    RTC_IRQHandler                           0x080001a3   Thumb Code     0  startup_stm32f10x_md.o(.text)
    SPI1_IRQHandler                          0x080001a3   Thumb Code     0  startup_stm32f10x_md.o(.text)
    SPI2_IRQHandler                          0x080001a3   Thumb Code     0  startup_stm32f10x_md.o(.text)
    TAMPER_IRQHandler                        0x080001a3   Thumb Code     0  startup_stm32f10x_md.o(.text)
    TIM1_BRK_IRQHandler                      0x080001a3   Thumb Code     0  startup_stm32f10x_md.o(.text)
    TIM1_CC_IRQHandler                       0x080001a3   Thumb Code     0  startup_stm32f10x_md.o(.text)
    TIM1_TRG_COM_IRQHandler                  0x080001a3   Thumb Code     0  startup_stm32f10x_md.o(.text)
    TIM1_UP_IRQHandler                       0x080001a3   Thumb Code     0  startup_stm32f10x_md.o(.text)
    TIM2_IRQHandler                          0x080001a3   Thumb Code     0  startup_stm32f10x_md.o(.text)
    TIM4_IRQHandler                          0x080001a3   Thumb Code     0  startup_stm32f10x_md.o(.text)
    USART2_IRQHandler                        0x080001a3   Thumb Code     0  startup_stm32f10x_md.o(.text)
    USART3_IRQHandler                        0x080001a3   Thumb Code     0  startup_stm32f10x_md.o(.text)
    USBWakeUp_IRQHandler                     0x080001a3   Thumb Code     0  startup_stm32f10x_md.o(.text)
    USB_HP_CAN1_TX_IRQHandler                0x080001a3   Thumb Code     0  startup_stm32f10x_md.o(.text)
    USB_LP_CAN1_RX0_IRQHandler               0x080001a3   Thumb Code     0  startup_stm32f10x_md.o(.text)
    WWDG_IRQHandler                          0x080001a3   Thumb Code     0  startup_stm32f10x_md.o(.text)
    __user_initial_stackheap                 0x080001a5   Thumb Code     0  startup_stm32f10x_md.o(.text)
    __use_no_semihosting                     0x080001c9   Thumb Code     2  use_no_semi_2.o(.text)
    __aeabi_uldivmod                         0x080001cb   Thumb Code     0  lludivv7m.o(.text)
    _ll_udiv                                 0x080001cb   Thumb Code   238  lludivv7m.o(.text)
    __use_two_region_memory                  0x080002b9   Thumb Code     2  heapauxi.o(.text)
    __rt_heap_escrow$2region                 0x080002bb   Thumb Code     2  heapauxi.o(.text)
    __rt_heap_expand$2region                 0x080002bd   Thumb Code     2  heapauxi.o(.text)
    __I$use$semihosting                      0x080002bf   Thumb Code     0  use_no_semi.o(.text)
    __use_no_semihosting_swi                 0x080002bf   Thumb Code     2  use_no_semi.o(.text)
    __read_errno                             0x080002c1   Thumb Code    10  _rserrno.o(.text)
    __set_errno                              0x080002cb   Thumb Code    12  _rserrno.o(.text)
    __aeabi_errno_addr                       0x080002d9   Thumb Code     8  rt_errno_addr_intlibspace.o(.text)
    __errno$intlibspace                      0x080002d9   Thumb Code     0  rt_errno_addr_intlibspace.o(.text)
    __rt_errno_addr$intlibspace              0x080002d9   Thumb Code     0  rt_errno_addr_intlibspace.o(.text)
    __user_libspace                          0x080002e1   Thumb Code     8  libspace.o(.text)
    __user_perproc_libspace                  0x080002e1   Thumb Code     0  libspace.o(.text)
    __user_perthread_libspace                0x080002e1   Thumb Code     0  libspace.o(.text)
    __user_setup_stackheap                   0x080002e9   Thumb Code    74  sys_stackheap_outer.o(.text)
    exit                                     0x08000333   Thumb Code    18  exit.o(.text)
    BusFault_Handler                         0x08000345   Thumb Code     4  stm32f10x_it.o(i.BusFault_Handler)
    DebugMon_Handler                         0x08000349   Thumb Code     2  stm32f10x_it.o(i.DebugMon_Handler)
    Draw_Circle                              0x0800034b   Thumb Code   300  lcd.o(i.Draw_Circle)
    GPIO_Init                                0x08000477   Thumb Code   278  stm32f10x_gpio.o(i.GPIO_Init)
    GPIO_ReadInputDataBit                    0x0800058d   Thumb Code    18  stm32f10x_gpio.o(i.GPIO_ReadInputDataBit)
    GPIO_ResetBits                           0x0800059f   Thumb Code     4  stm32f10x_gpio.o(i.GPIO_ResetBits)
    GPIO_SetBits                             0x080005a3   Thumb Code     4  stm32f10x_gpio.o(i.GPIO_SetBits)
    GPIO_WriteBit                            0x080005a7   Thumb Code    10  stm32f10x_gpio.o(i.GPIO_WriteBit)
    HC_SR04_Init                             0x080005b1   Thumb Code    44  hcsr04.o(i.HC_SR04_Init)
    HardFault_Handler                        0x080005e1   Thumb Code     4  stm32f10x_it.o(i.HardFault_Handler)
    LCD_Address_Set                          0x080005e5   Thumb Code    66  lcd_init.o(i.LCD_Address_Set)
    LCD_DrawLine                             0x08000627   Thumb Code   172  lcd.o(i.LCD_DrawLine)
    LCD_DrawPoint                            0x080006d3   Thumb Code    28  lcd.o(i.LCD_DrawPoint)
    LCD_DrawRectangle                        0x080006ef   Thumb Code    74  lcd.o(i.LCD_DrawRectangle)
    LCD_Fill                                 0x08000739   Thumb Code    74  lcd.o(i.LCD_Fill)
    LCD_GPIO_Init                            0x08000785   Thumb Code    46  lcd_init.o(i.LCD_GPIO_Init)
    LCD_Init                                 0x080007b9   Thumb Code   434  lcd_init.o(i.LCD_Init)
    LCD_ShowChar                             0x08000971   Thumb Code   328  lcd.o(i.LCD_ShowChar)
    LCD_ShowChinese                          0x08000ac9   Thumb Code   140  lcd.o(i.LCD_ShowChinese)
    LCD_ShowChinese12x12                     0x08000b55   Thumb Code   322  lcd.o(i.LCD_ShowChinese12x12)
    LCD_ShowChinese16x16                     0x08000c9d   Thumb Code   306  lcd.o(i.LCD_ShowChinese16x16)
    LCD_ShowChinese24x24                     0x08000dd5   Thumb Code   322  lcd.o(i.LCD_ShowChinese24x24)
    LCD_ShowChinese32x32                     0x08000f1d   Thumb Code   306  lcd.o(i.LCD_ShowChinese32x32)
    LCD_ShowIntNum                           0x08001055   Thumb Code   150  lcd.o(i.LCD_ShowIntNum)
    LCD_WR_DATA                              0x080010eb   Thumb Code    18  lcd_init.o(i.LCD_WR_DATA)
    LCD_WR_DATA8                             0x080010fd   Thumb Code    12  lcd_init.o(i.LCD_WR_DATA8)
    LCD_WR_REG                               0x08001109   Thumb Code    28  lcd_init.o(i.LCD_WR_REG)
    LCD_Writ_Bus                             0x08001129   Thumb Code    78  lcd_init.o(i.LCD_Writ_Bus)
    MemManage_Handler                        0x0800117d   Thumb Code     4  stm32f10x_it.o(i.MemManage_Handler)
    NMI_Handler                              0x08001181   Thumb Code     2  stm32f10x_it.o(i.NMI_Handler)
    NVIC_Init                                0x08001185   Thumb Code   100  misc.o(i.NVIC_Init)
    NVIC_PriorityGroupConfig                 0x080011f5   Thumb Code    10  misc.o(i.NVIC_PriorityGroupConfig)
    PendSV_Handler                           0x08001209   Thumb Code     2  stm32f10x_it.o(i.PendSV_Handler)
    RCC_APB1PeriphClockCmd                   0x0800120d   Thumb Code    26  stm32f10x_rcc.o(i.RCC_APB1PeriphClockCmd)
    RCC_APB2PeriphClockCmd                   0x0800122d   Thumb Code    26  stm32f10x_rcc.o(i.RCC_APB2PeriphClockCmd)
    Radarline                                0x0800124d   Thumb Code   190  radar.o(i.Radarline)
    Radarline2                               0x08001321   Thumb Code   184  radar.o(i.Radarline2)
    SVC_Handler                              0x080013ed   Thumb Code     2  stm32f10x_it.o(i.SVC_Handler)
    SysTick_CLKSourceConfig                  0x080014d9   Thumb Code    40  misc.o(i.SysTick_CLKSourceConfig)
    SysTick_Handler                          0x08001501   Thumb Code     2  stm32f10x_it.o(i.SysTick_Handler)
    SystemInit                               0x08001505   Thumb Code    78  system_stm32f10x.o(i.SystemInit)
    TIM3_IRQHandler                          0x08001565   Thumb Code    42  hcsr04.o(i.TIM3_IRQHandler)
    TIM4_CH1_PWM_Init                        0x08001599   Thumb Code   130  servo.o(i.TIM4_CH1_PWM_Init)
    TIM_ClearFlag                            0x08001625   Thumb Code     6  stm32f10x_tim.o(i.TIM_ClearFlag)
    TIM_ClearITPendingBit                    0x0800162b   Thumb Code     6  stm32f10x_tim.o(i.TIM_ClearITPendingBit)
    TIM_Cmd                                  0x08001631   Thumb Code    24  stm32f10x_tim.o(i.TIM_Cmd)
    TIM_GetITStatus                          0x08001649   Thumb Code    34  stm32f10x_tim.o(i.TIM_GetITStatus)
    TIM_ITConfig                             0x0800166b   Thumb Code    18  stm32f10x_tim.o(i.TIM_ITConfig)
    TIM_InternalClockConfig                  0x0800167d   Thumb Code    12  stm32f10x_tim.o(i.TIM_InternalClockConfig)
    TIM_OC1Init                              0x08001689   Thumb Code   132  stm32f10x_tim.o(i.TIM_OC1Init)
    TIM_OC1PreloadConfig                     0x08001721   Thumb Code    18  stm32f10x_tim.o(i.TIM_OC1PreloadConfig)
    TIM_SetCompare1                          0x08001733   Thumb Code     4  stm32f10x_tim.o(i.TIM_SetCompare1)
    TIM_TimeBaseInit                         0x08001739   Thumb Code   122  stm32f10x_tim.o(i.TIM_TimeBaseInit)
    Timer_Init                               0x080017dd   Thumb Code   116  tim.o(i.Timer_Init)
    USART1_IRQHandler                        0x08001855   Thumb Code   122  usart.o(i.USART1_IRQHandler)
    USART_GetITStatus                        0x080018dd   Thumb Code    84  stm32f10x_usart.o(i.USART_GetITStatus)
    USART_ReceiveData                        0x08001931   Thumb Code    10  stm32f10x_usart.o(i.USART_ReceiveData)
    UsageFault_Handler                       0x0800193b   Thumb Code     4  stm32f10x_it.o(i.UsageFault_Handler)
    __ARM_fpclassify                         0x0800193f   Thumb Code    40  fpclassify.o(i.__ARM_fpclassify)
    __ieee754_rem_pio2                       0x08001969   Thumb Code   828  rred.o(i.__ieee754_rem_pio2)
    __kernel_cos                             0x08001cf1   Thumb Code   230  cos_i.o(i.__kernel_cos)
    __kernel_poly                            0x08001ded   Thumb Code   170  poly.o(i.__kernel_poly)
    __kernel_sin                             0x08001e99   Thumb Code   224  sin_i.o(i.__kernel_sin)
    __mathlib_dbl_infnan                     0x08001f85   Thumb Code     6  dunder.o(i.__mathlib_dbl_infnan)
    __mathlib_dbl_invalid                    0x08001f8b   Thumb Code    12  dunder.o(i.__mathlib_dbl_invalid)
    __mathlib_dbl_underflow                  0x08001f99   Thumb Code    10  dunder.o(i.__mathlib_dbl_underflow)
    _sys_exit                                0x08001fa9   Thumb Code     4  usart.o(i._sys_exit)
    cos                                      0x08001fad   Thumb Code   148  cos.o(i.cos)
    delay_init                               0x08002049   Thumb Code    50  delay.o(i.delay_init)
    delay_ms                                 0x0800208d   Thumb Code    72  delay.o(i.delay_ms)
    delay_us                                 0x080020d9   Thumb Code    72  delay.o(i.delay_us)
    main                                     0x08002125   Thumb Code   398  main.o(i.main)
    mypow                                    0x080022bd   Thumb Code    22  lcd.o(i.mypow)
    radar_picture                            0x080022d5   Thumb Code   174  radar.o(i.radar_picture)
    sin                                      0x080023a5   Thumb Code   150  sin.o(i.sin)
    sonar_mm                                 0x08002445   Thumb Code   146  hcsr04.o(i.sonar_mm)
    __aeabi_dadd                             0x080024e5   Thumb Code     0  daddsub_clz.o(x$fpl$dadd)
    _dadd                                    0x080024e5   Thumb Code   332  daddsub_clz.o(x$fpl$dadd)
    __fpl_dcheck_NaN1                        0x08002635   Thumb Code    10  dcheck1.o(x$fpl$dcheck1)
    __aeabi_ddiv                             0x08002645   Thumb Code     0  ddiv.o(x$fpl$ddiv)
    _ddiv                                    0x08002645   Thumb Code   552  ddiv.o(x$fpl$ddiv)
    __aeabi_d2iz                             0x080028f5   Thumb Code     0  dfix.o(x$fpl$dfix)
    _dfix                                    0x080028f5   Thumb Code    94  dfix.o(x$fpl$dfix)
    __aeabi_d2uiz                            0x08002955   Thumb Code     0  dfixu.o(x$fpl$dfixu)
    _dfixu                                   0x08002955   Thumb Code    90  dfixu.o(x$fpl$dfixu)
    __aeabi_i2d                              0x080029af   Thumb Code     0  dflt_clz.o(x$fpl$dflt)
    _dflt                                    0x080029af   Thumb Code    46  dflt_clz.o(x$fpl$dflt)
    __aeabi_ui2d                             0x080029dd   Thumb Code     0  dflt_clz.o(x$fpl$dfltu)
    _dfltu                                   0x080029dd   Thumb Code    38  dflt_clz.o(x$fpl$dfltu)
    __aeabi_dmul                             0x08002a05   Thumb Code     0  dmul.o(x$fpl$dmul)
    _dmul                                    0x08002a05   Thumb Code   332  dmul.o(x$fpl$dmul)
    __fpl_dnaninf                            0x08002b59   Thumb Code   156  dnaninf.o(x$fpl$dnaninf)
    __fpl_dretinf                            0x08002bf5   Thumb Code    12  dretinf.o(x$fpl$dretinf)
    __aeabi_drsub                            0x08002c01   Thumb Code     0  daddsub_clz.o(x$fpl$drsb)
    _drsb                                    0x08002c01   Thumb Code    22  daddsub_clz.o(x$fpl$drsb)
    __aeabi_dsub                             0x08002c19   Thumb Code     0  daddsub_clz.o(x$fpl$dsub)
    _dsub                                    0x08002c19   Thumb Code   464  daddsub_clz.o(x$fpl$dsub)
    __fpl_return_NaN                         0x08002ded   Thumb Code   100  retnan.o(x$fpl$retnan)
    __ARM_scalbn                             0x08002e51   Thumb Code    92  scalbn.o(x$fpl$scalbn)
    __fpl_cmpreturn                          0x08002ead   Thumb Code    48  trapv.o(x$fpl$trapveneer)
    __I$use$fp                               0x08002edc   Number         0  usenofp.o(x$fpl$usenofp)
    ascii_1206                               0x08002edc   Data        1140  lcd.o(.constdata)
    ascii_1608                               0x08003350   Data        1520  lcd.o(.constdata)
    ascii_2412                               0x08003940   Data        4560  lcd.o(.constdata)
    ascii_3216                               0x08004b10   Data        6080  lcd.o(.constdata)
    tfont12                                  0x080062d0   Data         130  lcd.o(.constdata)
    tfont16                                  0x08006352   Data         170  lcd.o(.constdata)
    tfont24                                  0x080063fc   Data         370  lcd.o(.constdata)
    tfont32                                  0x0800656e   Data         650  lcd.o(.constdata)
    Region$$Table$$Base                      0x08006918   Number         0  anon$$obj.o(Region$$Table)
    Region$$Table$$Limit                     0x08006938   Number         0  anon$$obj.o(Region$$Table)
    SystemCoreClock                          0x20000000   Data           4  system_stm32f10x.o(.data)
    AHBPrescTable                            0x20000004   Data          16  system_stm32f10x.o(.data)
    time                                     0x20000018   Data           8  hcsr04.o(.data)
    time_end                                 0x20000020   Data           8  hcsr04.o(.data)
    __stdout                                 0x2000002c   Data           4  usart.o(.data)
    USART_RX_STA                             0x20000030   Data           2  usart.o(.data)
    USART_RX_BUF                             0x20000034   Data         200  usart.o(.bss)
    __libspace_start                         0x200000fc   Data          96  libspace.o(.bss)
    __temporary_stack_top$libspace           0x2000015c   Data           0  libspace.o(.bss)



==============================================================================

Memory Map of the image

  Image Entry point : 0x080000ed

  Load Region LR_IROM1 (Base: 0x08000000, Size: 0x0000696c, Max: 0x00010000, ABSOLUTE)

    Execution Region ER_IROM1 (Exec base: 0x08000000, Load base: 0x08000000, Size: 0x00006938, Max: 0x00010000, ABSOLUTE)

    Exec Addr    Load Addr    Size         Type   Attr      Idx    E Section Name        Object

    0x08000000   0x08000000   0x000000ec   Data   RO          460    RESET               startup_stm32f10x_md.o
    0x080000ec   0x080000ec   0x00000008   Code   RO         3570  * !!!main             c_w.l(__main.o)
    0x080000f4   0x080000f4   0x00000034   Code   RO         3847    !!!scatter          c_w.l(__scatter.o)
    0x08000128   0x08000128   0x0000001a   Code   RO         3849    !!handler_copy      c_w.l(__scatter_copy.o)
    0x08000142   0x08000142   0x00000002   PAD
    0x08000144   0x08000144   0x0000001c   Code   RO         3851    !!handler_zi        c_w.l(__scatter_zi.o)
    0x08000160   0x08000160   0x00000002   Code   RO         3716    .ARM.Collect$$libinit$$00000000  c_w.l(libinit.o)
    0x08000162   0x08000162   0x00000000   Code   RO         3728    .ARM.Collect$$libinit$$00000002  c_w.l(libinit2.o)
    0x08000162   0x08000162   0x00000000   Code   RO         3730    .ARM.Collect$$libinit$$00000004  c_w.l(libinit2.o)
    0x08000162   0x08000162   0x00000000   Code   RO         3733    .ARM.Collect$$libinit$$0000000A  c_w.l(libinit2.o)
    0x08000162   0x08000162   0x00000000   Code   RO         3735    .ARM.Collect$$libinit$$0000000C  c_w.l(libinit2.o)
    0x08000162   0x08000162   0x00000000   Code   RO         3737    .ARM.Collect$$libinit$$0000000E  c_w.l(libinit2.o)
    0x08000162   0x08000162   0x00000000   Code   RO         3740    .ARM.Collect$$libinit$$00000011  c_w.l(libinit2.o)
    0x08000162   0x08000162   0x00000000   Code   RO         3742    .ARM.Collect$$libinit$$00000013  c_w.l(libinit2.o)
    0x08000162   0x08000162   0x00000000   Code   RO         3744    .ARM.Collect$$libinit$$00000015  c_w.l(libinit2.o)
    0x08000162   0x08000162   0x00000000   Code   RO         3746    .ARM.Collect$$libinit$$00000017  c_w.l(libinit2.o)
    0x08000162   0x08000162   0x00000000   Code   RO         3748    .ARM.Collect$$libinit$$00000019  c_w.l(libinit2.o)
    0x08000162   0x08000162   0x00000000   Code   RO         3750    .ARM.Collect$$libinit$$0000001B  c_w.l(libinit2.o)
    0x08000162   0x08000162   0x00000000   Code   RO         3752    .ARM.Collect$$libinit$$0000001D  c_w.l(libinit2.o)
    0x08000162   0x08000162   0x00000000   Code   RO         3754    .ARM.Collect$$libinit$$0000001F  c_w.l(libinit2.o)
    0x08000162   0x08000162   0x00000000   Code   RO         3756    .ARM.Collect$$libinit$$00000021  c_w.l(libinit2.o)
    0x08000162   0x08000162   0x00000000   Code   RO         3758    .ARM.Collect$$libinit$$00000023  c_w.l(libinit2.o)
    0x08000162   0x08000162   0x00000000   Code   RO         3760    .ARM.Collect$$libinit$$00000025  c_w.l(libinit2.o)
    0x08000162   0x08000162   0x00000000   Code   RO         3764    .ARM.Collect$$libinit$$0000002C  c_w.l(libinit2.o)
    0x08000162   0x08000162   0x00000000   Code   RO         3766    .ARM.Collect$$libinit$$0000002E  c_w.l(libinit2.o)
    0x08000162   0x08000162   0x00000000   Code   RO         3768    .ARM.Collect$$libinit$$00000030  c_w.l(libinit2.o)
    0x08000162   0x08000162   0x00000000   Code   RO         3770    .ARM.Collect$$libinit$$00000032  c_w.l(libinit2.o)
    0x08000162   0x08000162   0x00000002   Code   RO         3771    .ARM.Collect$$libinit$$00000033  c_w.l(libinit2.o)
    0x08000164   0x08000164   0x00000002   Code   RO         3801    .ARM.Collect$$libshutdown$$00000000  c_w.l(libshutdown.o)
    0x08000166   0x08000166   0x00000000   Code   RO         3828    .ARM.Collect$$libshutdown$$00000002  c_w.l(libshutdown2.o)
    0x08000166   0x08000166   0x00000000   Code   RO         3830    .ARM.Collect$$libshutdown$$00000004  c_w.l(libshutdown2.o)
    0x08000166   0x08000166   0x00000000   Code   RO         3832    .ARM.Collect$$libshutdown$$00000006  c_w.l(libshutdown2.o)
    0x08000166   0x08000166   0x00000000   Code   RO         3835    .ARM.Collect$$libshutdown$$00000009  c_w.l(libshutdown2.o)
    0x08000166   0x08000166   0x00000000   Code   RO         3838    .ARM.Collect$$libshutdown$$0000000C  c_w.l(libshutdown2.o)
    0x08000166   0x08000166   0x00000000   Code   RO         3840    .ARM.Collect$$libshutdown$$0000000E  c_w.l(libshutdown2.o)
    0x08000166   0x08000166   0x00000000   Code   RO         3843    .ARM.Collect$$libshutdown$$00000011  c_w.l(libshutdown2.o)
    0x08000166   0x08000166   0x00000002   Code   RO         3844    .ARM.Collect$$libshutdown$$00000012  c_w.l(libshutdown2.o)
    0x08000168   0x08000168   0x00000000   Code   RO         3628    .ARM.Collect$$rtentry$$00000000  c_w.l(__rtentry.o)
    0x08000168   0x08000168   0x00000000   Code   RO         3673    .ARM.Collect$$rtentry$$00000002  c_w.l(__rtentry2.o)
    0x08000168   0x08000168   0x00000006   Code   RO         3685    .ARM.Collect$$rtentry$$00000004  c_w.l(__rtentry4.o)
    0x0800016e   0x0800016e   0x00000000   Code   RO         3675    .ARM.Collect$$rtentry$$00000009  c_w.l(__rtentry2.o)
    0x0800016e   0x0800016e   0x00000004   Code   RO         3676    .ARM.Collect$$rtentry$$0000000A  c_w.l(__rtentry2.o)
    0x08000172   0x08000172   0x00000000   Code   RO         3678    .ARM.Collect$$rtentry$$0000000C  c_w.l(__rtentry2.o)
    0x08000172   0x08000172   0x00000008   Code   RO         3679    .ARM.Collect$$rtentry$$0000000D  c_w.l(__rtentry2.o)
    0x0800017a   0x0800017a   0x00000002   Code   RO         3719    .ARM.Collect$$rtexit$$00000000  c_w.l(rtexit.o)
    0x0800017c   0x0800017c   0x00000000   Code   RO         3775    .ARM.Collect$$rtexit$$00000002  c_w.l(rtexit2.o)
    0x0800017c   0x0800017c   0x00000004   Code   RO         3776    .ARM.Collect$$rtexit$$00000003  c_w.l(rtexit2.o)
    0x08000180   0x08000180   0x00000006   Code   RO         3777    .ARM.Collect$$rtexit$$00000004  c_w.l(rtexit2.o)
    0x08000186   0x08000186   0x00000002   PAD
    0x08000188   0x08000188   0x00000040   Code   RO          461    .text               startup_stm32f10x_md.o
    0x080001c8   0x080001c8   0x00000002   Code   RO         3564    .text               c_w.l(use_no_semi_2.o)
    0x080001ca   0x080001ca   0x000000ee   Code   RO         3566    .text               c_w.l(lludivv7m.o)
    0x080002b8   0x080002b8   0x00000006   Code   RO         3568    .text               c_w.l(heapauxi.o)
    0x080002be   0x080002be   0x00000002   Code   RO         3626    .text               c_w.l(use_no_semi.o)
    0x080002c0   0x080002c0   0x00000016   Code   RO         3633    .text               c_w.l(_rserrno.o)
    0x080002d6   0x080002d6   0x00000002   PAD
    0x080002d8   0x080002d8   0x00000008   Code   RO         3692    .text               c_w.l(rt_errno_addr_intlibspace.o)
    0x080002e0   0x080002e0   0x00000008   Code   RO         3700    .text               c_w.l(libspace.o)
    0x080002e8   0x080002e8   0x0000004a   Code   RO         3703    .text               c_w.l(sys_stackheap_outer.o)
    0x08000332   0x08000332   0x00000012   Code   RO         3705    .text               c_w.l(exit.o)
    0x08000344   0x08000344   0x00000004   Code   RO            1    i.BusFault_Handler  stm32f10x_it.o
    0x08000348   0x08000348   0x00000002   Code   RO            2    i.DebugMon_Handler  stm32f10x_it.o
    0x0800034a   0x0800034a   0x0000012c   Code   RO          251    i.Draw_Circle       lcd.o
    0x08000476   0x08000476   0x00000116   Code   RO         1646    i.GPIO_Init         stm32f10x_gpio.o
    0x0800058c   0x0800058c   0x00000012   Code   RO         1650    i.GPIO_ReadInputDataBit  stm32f10x_gpio.o
    0x0800059e   0x0800059e   0x00000004   Code   RO         1653    i.GPIO_ResetBits    stm32f10x_gpio.o
    0x080005a2   0x080005a2   0x00000004   Code   RO         1654    i.GPIO_SetBits      stm32f10x_gpio.o
    0x080005a6   0x080005a6   0x0000000a   Code   RO         1657    i.GPIO_WriteBit     stm32f10x_gpio.o
    0x080005b0   0x080005b0   0x00000030   Code   RO          359    i.HC_SR04_Init      hcsr04.o
    0x080005e0   0x080005e0   0x00000004   Code   RO            3    i.HardFault_Handler  stm32f10x_it.o
    0x080005e4   0x080005e4   0x00000042   Code   RO          203    i.LCD_Address_Set   lcd_init.o
    0x08000626   0x08000626   0x000000ac   Code   RO          252    i.LCD_DrawLine      lcd.o
    0x080006d2   0x080006d2   0x0000001c   Code   RO          253    i.LCD_DrawPoint     lcd.o
    0x080006ee   0x080006ee   0x0000004a   Code   RO          254    i.LCD_DrawRectangle  lcd.o
    0x08000738   0x08000738   0x0000004a   Code   RO          255    i.LCD_Fill          lcd.o
    0x08000782   0x08000782   0x00000002   PAD
    0x08000784   0x08000784   0x00000034   Code   RO          204    i.LCD_GPIO_Init     lcd_init.o
    0x080007b8   0x080007b8   0x000001b8   Code   RO          205    i.LCD_Init          lcd_init.o
    0x08000970   0x08000970   0x00000158   Code   RO          256    i.LCD_ShowChar      lcd.o
    0x08000ac8   0x08000ac8   0x0000008c   Code   RO          257    i.LCD_ShowChinese   lcd.o
    0x08000b54   0x08000b54   0x00000148   Code   RO          258    i.LCD_ShowChinese12x12  lcd.o
    0x08000c9c   0x08000c9c   0x00000138   Code   RO          259    i.LCD_ShowChinese16x16  lcd.o
    0x08000dd4   0x08000dd4   0x00000148   Code   RO          260    i.LCD_ShowChinese24x24  lcd.o
    0x08000f1c   0x08000f1c   0x00000138   Code   RO          261    i.LCD_ShowChinese32x32  lcd.o
    0x08001054   0x08001054   0x00000096   Code   RO          263    i.LCD_ShowIntNum    lcd.o
    0x080010ea   0x080010ea   0x00000012   Code   RO          206    i.LCD_WR_DATA       lcd_init.o
    0x080010fc   0x080010fc   0x0000000c   Code   RO          207    i.LCD_WR_DATA8      lcd_init.o
    0x08001108   0x08001108   0x00000020   Code   RO          208    i.LCD_WR_REG        lcd_init.o
    0x08001128   0x08001128   0x00000054   Code   RO          209    i.LCD_Writ_Bus      lcd_init.o
    0x0800117c   0x0800117c   0x00000004   Code   RO            4    i.MemManage_Handler  stm32f10x_it.o
    0x08001180   0x08001180   0x00000002   Code   RO            5    i.NMI_Handler       stm32f10x_it.o
    0x08001182   0x08001182   0x00000002   PAD
    0x08001184   0x08001184   0x00000070   Code   RO          465    i.NVIC_Init         misc.o
    0x080011f4   0x080011f4   0x00000014   Code   RO          466    i.NVIC_PriorityGroupConfig  misc.o
    0x08001208   0x08001208   0x00000002   Code   RO            6    i.PendSV_Handler    stm32f10x_it.o
    0x0800120a   0x0800120a   0x00000002   PAD
    0x0800120c   0x0800120c   0x00000020   Code   RO         2071    i.RCC_APB1PeriphClockCmd  stm32f10x_rcc.o
    0x0800122c   0x0800122c   0x00000020   Code   RO         2073    i.RCC_APB2PeriphClockCmd  stm32f10x_rcc.o
    0x0800124c   0x0800124c   0x000000d4   Code   RO          392    i.Radarline         radar.o
    0x08001320   0x08001320   0x000000cc   Code   RO          393    i.Radarline2        radar.o
    0x080013ec   0x080013ec   0x00000002   Code   RO            7    i.SVC_Handler       stm32f10x_it.o
    0x080013ee   0x080013ee   0x00000008   Code   RO           98    i.SetSysClock       system_stm32f10x.o
    0x080013f6   0x080013f6   0x00000002   PAD
    0x080013f8   0x080013f8   0x000000e0   Code   RO           99    i.SetSysClockTo72   system_stm32f10x.o
    0x080014d8   0x080014d8   0x00000028   Code   RO          469    i.SysTick_CLKSourceConfig  misc.o
    0x08001500   0x08001500   0x00000002   Code   RO            8    i.SysTick_Handler   stm32f10x_it.o
    0x08001502   0x08001502   0x00000002   PAD
    0x08001504   0x08001504   0x00000060   Code   RO          101    i.SystemInit        system_stm32f10x.o
    0x08001564   0x08001564   0x00000034   Code   RO          360    i.TIM3_IRQHandler   hcsr04.o
    0x08001598   0x08001598   0x0000008c   Code   RO          423    i.TIM4_CH1_PWM_Init  servo.o
    0x08001624   0x08001624   0x00000006   Code   RO         2708    i.TIM_ClearFlag     stm32f10x_tim.o
    0x0800162a   0x0800162a   0x00000006   Code   RO         2709    i.TIM_ClearITPendingBit  stm32f10x_tim.o
    0x08001630   0x08001630   0x00000018   Code   RO         2714    i.TIM_Cmd           stm32f10x_tim.o
    0x08001648   0x08001648   0x00000022   Code   RO         2735    i.TIM_GetITStatus   stm32f10x_tim.o
    0x0800166a   0x0800166a   0x00000012   Code   RO         2739    i.TIM_ITConfig      stm32f10x_tim.o
    0x0800167c   0x0800167c   0x0000000c   Code   RO         2741    i.TIM_InternalClockConfig  stm32f10x_tim.o
    0x08001688   0x08001688   0x00000098   Code   RO         2743    i.TIM_OC1Init       stm32f10x_tim.o
    0x08001720   0x08001720   0x00000012   Code   RO         2746    i.TIM_OC1PreloadConfig  stm32f10x_tim.o
    0x08001732   0x08001732   0x00000004   Code   RO         2775    i.TIM_SetCompare1   stm32f10x_tim.o
    0x08001736   0x08001736   0x00000002   PAD
    0x08001738   0x08001738   0x000000a4   Code   RO         2785    i.TIM_TimeBaseInit  stm32f10x_tim.o
    0x080017dc   0x080017dc   0x00000078   Code   RO          435    i.Timer_Init        tim.o
    0x08001854   0x08001854   0x00000088   Code   RO         3521    i.USART1_IRQHandler  usart.o
    0x080018dc   0x080018dc   0x00000054   Code   RO         3254    i.USART_GetITStatus  stm32f10x_usart.o
    0x08001930   0x08001930   0x0000000a   Code   RO         3264    i.USART_ReceiveData  stm32f10x_usart.o
    0x0800193a   0x0800193a   0x00000004   Code   RO            9    i.UsageFault_Handler  stm32f10x_it.o
    0x0800193e   0x0800193e   0x00000028   Code   RO         3696    i.__ARM_fpclassify  m_ws.l(fpclassify.o)
    0x08001966   0x08001966   0x00000002   PAD
    0x08001968   0x08001968   0x00000388   Code   RO         3661    i.__ieee754_rem_pio2  m_ws.l(rred.o)
    0x08001cf0   0x08001cf0   0x000000fc   Code   RO         3644    i.__kernel_cos      m_ws.l(cos_i.o)
    0x08001dec   0x08001dec   0x000000aa   Code   RO         3698    i.__kernel_poly     m_ws.l(poly.o)
    0x08001e96   0x08001e96   0x00000002   PAD
    0x08001e98   0x08001e98   0x000000ec   Code   RO         3666    i.__kernel_sin      m_ws.l(sin_i.o)
    0x08001f84   0x08001f84   0x00000006   Code   RO         3648    i.__mathlib_dbl_infnan  m_ws.l(dunder.o)
    0x08001f8a   0x08001f8a   0x0000000c   Code   RO         3650    i.__mathlib_dbl_invalid  m_ws.l(dunder.o)
    0x08001f96   0x08001f96   0x00000002   PAD
    0x08001f98   0x08001f98   0x00000010   Code   RO         3653    i.__mathlib_dbl_underflow  m_ws.l(dunder.o)
    0x08001fa8   0x08001fa8   0x00000004   Code   RO         3522    i._sys_exit         usart.o
    0x08001fac   0x08001fac   0x0000009c   Code   RO         3611    i.cos               m_ws.l(cos.o)
    0x08002048   0x08002048   0x00000044   Code   RO         3483    i.delay_init        delay.o
    0x0800208c   0x0800208c   0x0000004c   Code   RO         3484    i.delay_ms          delay.o
    0x080020d8   0x080020d8   0x0000004c   Code   RO         3485    i.delay_us          delay.o
    0x08002124   0x08002124   0x00000198   Code   RO          132    i.main              main.o
    0x080022bc   0x080022bc   0x00000016   Code   RO          266    i.mypow             lcd.o
    0x080022d2   0x080022d2   0x00000002   PAD
    0x080022d4   0x080022d4   0x000000d0   Code   RO          394    i.radar_picture     radar.o
    0x080023a4   0x080023a4   0x000000a0   Code   RO         3619    i.sin               m_ws.l(sin.o)
    0x08002444   0x08002444   0x000000a0   Code   RO          362    i.sonar_mm          hcsr04.o
    0x080024e4   0x080024e4   0x00000150   Code   RO         3572    x$fpl$dadd          fz_ws.l(daddsub_clz.o)
    0x08002634   0x08002634   0x00000010   Code   RO         3717    x$fpl$dcheck1       fz_ws.l(dcheck1.o)
    0x08002644   0x08002644   0x000002b0   Code   RO         3579    x$fpl$ddiv          fz_ws.l(ddiv.o)
    0x080028f4   0x080028f4   0x0000005e   Code   RO         3582    x$fpl$dfix          fz_ws.l(dfix.o)
    0x08002952   0x08002952   0x00000002   PAD
    0x08002954   0x08002954   0x0000005a   Code   RO         3586    x$fpl$dfixu         fz_ws.l(dfixu.o)
    0x080029ae   0x080029ae   0x0000002e   Code   RO         3591    x$fpl$dflt          fz_ws.l(dflt_clz.o)
    0x080029dc   0x080029dc   0x00000026   Code   RO         3590    x$fpl$dfltu         fz_ws.l(dflt_clz.o)
    0x08002a02   0x08002a02   0x00000002   PAD
    0x08002a04   0x08002a04   0x00000154   Code   RO         3596    x$fpl$dmul          fz_ws.l(dmul.o)
    0x08002b58   0x08002b58   0x0000009c   Code   RO         3635    x$fpl$dnaninf       fz_ws.l(dnaninf.o)
    0x08002bf4   0x08002bf4   0x0000000c   Code   RO         3637    x$fpl$dretinf       fz_ws.l(dretinf.o)
    0x08002c00   0x08002c00   0x00000016   Code   RO         3573    x$fpl$drsb          fz_ws.l(daddsub_clz.o)
    0x08002c16   0x08002c16   0x00000002   PAD
    0x08002c18   0x08002c18   0x000001d4   Code   RO         3574    x$fpl$dsub          fz_ws.l(daddsub_clz.o)
    0x08002dec   0x08002dec   0x00000064   Code   RO         3772    x$fpl$retnan        fz_ws.l(retnan.o)
    0x08002e50   0x08002e50   0x0000005c   Code   RO         3694    x$fpl$scalbn        fz_ws.l(scalbn.o)
    0x08002eac   0x08002eac   0x00000030   Code   RO         3789    x$fpl$trapveneer    fz_ws.l(trapv.o)
    0x08002edc   0x08002edc   0x00000000   Code   RO         3643    x$fpl$usenofp       fz_ws.l(usenofp.o)
    0x08002edc   0x08002edc   0x0000391c   Data   RO          267    .constdata          lcd.o
    0x080067f8   0x080067f8   0x00000030   Data   RO         3645    .constdata          m_ws.l(cos_i.o)
    0x08006828   0x08006828   0x000000c8   Data   RO         3663    .constdata          m_ws.l(rred.o)
    0x080068f0   0x080068f0   0x00000028   Data   RO         3667    .constdata          m_ws.l(sin_i.o)
    0x08006918   0x08006918   0x00000020   Data   RO         3845    Region$$Table       anon$$obj.o


    Execution Region RW_IRAM1 (Exec base: 0x20000000, Load base: 0x08006938, Size: 0x00000760, Max: 0x00005000, ABSOLUTE)

    Exec Addr    Load Addr    Size         Type   Attr      Idx    E Section Name        Object

    0x20000000   0x08006938   0x00000014   Data   RW          102    .data               system_stm32f10x.o
    0x20000014   0x0800694c   0x00000004   PAD
    0x20000018   0x08006950   0x00000010   Data   RW          363    .data               hcsr04.o
    0x20000028   0x08006960   0x00000004   Data   RW         3486    .data               delay.o
    0x2000002c   0x08006964   0x00000006   Data   RW         3526    .data               usart.o
    0x20000032   0x0800696a   0x00000002   PAD
    0x20000034        -       0x000000c8   Zero   RW         3525    .bss                usart.o
    0x200000fc        -       0x00000060   Zero   RW         3701    .bss                c_w.l(libspace.o)
    0x2000015c   0x0800696a   0x00000004   PAD
    0x20000160        -       0x00000200   Zero   RW          459    HEAP                startup_stm32f10x_md.o
    0x20000360        -       0x00000400   Zero   RW          458    STACK               startup_stm32f10x_md.o


==============================================================================

Image component sizes


      Code (inc. data)   RO Data    RW Data    ZI Data      Debug   Object Name

         0          0          0          0          0         32   core_cm3.o
       220         26          0          4          0       1611   delay.o
       260         28          0         16          0       1724   hcsr04.o
      2584         40      14620          0          0      12716   lcd.o
       704         22          0          0          0       3854   lcd_init.o
         0          0          0          0          0     203340   led.o
       408         10          0          0          0      21063   main.o
       172         22          0          0          0       1949   misc.o
       624         76          0          0          0       1657   radar.o
       140         10          0          0          0        712   servo.o
        64         26        236          0       1536        776   startup_stm32f10x_md.o
       314          0          0          0          0       4080   stm32f10x_gpio.o
        26          0          0          0          0      22350   stm32f10x_it.o
        64         12          0          0          0       1090   stm32f10x_rcc.o
       438         62          0          0          0       6163   stm32f10x_tim.o
        94          0          0          0          0       2656   stm32f10x_usart.o
       328         28          0         20          0       1957   system_stm32f10x.o
       120          4          0          0          0        541   tim.o
       140         14          0          6        200       2804   usart.o

    ----------------------------------------------------------------------
      6714        380      14888         52       1736     291075   Object Totals
         0          0         32          0          0          0   (incl. Generated)
        14          0          0          6          0          0   (incl. Padding)

    ----------------------------------------------------------------------

      Code (inc. data)   RO Data    RW Data    ZI Data      Debug   Library Member Name

         8          0          0          0          0         68   __main.o
         0          0          0          0          0          0   __rtentry.o
        12          0          0          0          0          0   __rtentry2.o
         6          0          0          0          0          0   __rtentry4.o
        52          8          0          0          0          0   __scatter.o
        26          0          0          0          0          0   __scatter_copy.o
        28          0          0          0          0          0   __scatter_zi.o
        22          0          0          0          0        100   _rserrno.o
        18          0          0          0          0         80   exit.o
         6          0          0          0          0        152   heapauxi.o
         2          0          0          0          0          0   libinit.o
         2          0          0          0          0          0   libinit2.o
         2          0          0          0          0          0   libshutdown.o
         2          0          0          0          0          0   libshutdown2.o
         8          4          0          0         96         68   libspace.o
       238          0          0          0          0        100   lludivv7m.o
         8          4          0          0          0         68   rt_errno_addr_intlibspace.o
         2          0          0          0          0          0   rtexit.o
        10          0          0          0          0          0   rtexit2.o
        74          0          0          0          0         80   sys_stackheap_outer.o
         2          0          0          0          0         68   use_no_semi.o
         2          0          0          0          0         68   use_no_semi_2.o
       826         16          0          0          0        348   daddsub_clz.o
        16          4          0          0          0         68   dcheck1.o
       688        140          0          0          0        208   ddiv.o
        94          4          0          0          0         92   dfix.o
        90          4          0          0          0         92   dfixu.o
        84          0          0          0          0        136   dflt_clz.o
       340         12          0          0          0        104   dmul.o
       156          4          0          0          0         92   dnaninf.o
        12          0          0          0          0         68   dretinf.o
       100          0          0          0          0         68   retnan.o
        92          0          0          0          0         68   scalbn.o
        48          0          0          0          0         68   trapv.o
         0          0          0          0          0          0   usenofp.o
       156          8          0          0          0        104   cos.o
       252         22         48          0          0        124   cos_i.o
        34          6          0          0          0        204   dunder.o
        40          0          0          0          0         68   fpclassify.o
       170          0          0          0          0         96   poly.o
       904         76        200          0          0        140   rred.o
       160         10          0          0          0        108   sin.o
       236         12         40          0          0        128   sin_i.o

    ----------------------------------------------------------------------
      5046        334        288          0        100       3236   Library Totals
        18          0          0          0          4          0   (incl. Padding)

    ----------------------------------------------------------------------

      Code (inc. data)   RO Data    RW Data    ZI Data      Debug   Library Name

       530         16          0          0         96        852   c_w.l
      2546        184          0          0          0       1412   fz_ws.l
      1952        134        288          0          0        972   m_ws.l

    ----------------------------------------------------------------------
      5046        334        288          0        100       3236   Library Totals

    ----------------------------------------------------------------------

==============================================================================


      Code (inc. data)   RO Data    RW Data    ZI Data      Debug   

     11760        714      15176         52       1836     289419   Grand Totals
     11760        714      15176         52       1836     289419   ELF Image Totals
     11760        714      15176         52          0          0   ROM Totals

==============================================================================

    Total RO  Size (Code + RO Data)                26936 (  26.30kB)
    Total RW  Size (RW Data + ZI Data)              1888 (   1.84kB)
    Total ROM Size (Code + RO Data + RW Data)      26988 (  26.36kB)

==============================================================================

