<html>
<body>
<pre>
<h1>礦ision Build Log</h1>
<h2>Tool Versions:</h2>
IDE-Version: μVision V5.36.0.0
Copyright (C) 2021 ARM Ltd and ARM Germany GmbH. All rights reserved.
License Information: 1 wangshenyou@hotmail.com, 1, LIC=IK1BF-6VZZV-HL3CL-0F5XJ-W0ZQ1-YSNPT
 
Tool Versions:
Toolchain:       MDK-ARM Plus  Version: 5.36.0.0
Toolchain Path:  C:\AAAAAAAAPP\Keil5\ARM\ARMCC\Bin
C Compiler:      Armcc.exe V5.06 update 7 (build 960)
Assembler:       Armasm.exe V5.06 update 7 (build 960)
Linker/Locator:  ArmLink.exe V5.06 update 7 (build 960)
Library Manager: ArmAr.exe V5.06 update 7 (build 960)
Hex Converter:   FromElf.exe V5.06 update 7 (build 960)
CPU DLL:         SARMCM3.DLL V5.36.0.0
Dialog DLL:      DCM.DLL V1.17.3.0
Target DLL:      STLink\ST-LINKIII-KEIL_SWO.dll V3.0.9.0
Dialog DLL:      TCM.DLL V1.53.0.0
 
<h2>Project:</h2>
D:\Desktop\KGH_Project\7789雷达\USER\LCD.uvprojx
Project File Date:  02/21/2023

<h2>Output:</h2>
*** Using Compiler 'V5.06 update 7 (build 960)', folder: 'C:\AAAAAAAAPP\Keil5\ARM\ARMCC\Bin'
Rebuild target 'Target 1'
assembling startup_stm32f10x_md.s...
compiling servo.c...
compiling tim.c...
compiling HCSR04.c...
..\HARDWARE\HCSR04\HCSR04.c(31): warning:  #188-D: enumerated type mixed with another type
  	GPIO_WriteBit(GPIOB,Trig,1);						//输出高电平
..\HARDWARE\HCSR04\HCSR04.c(33): warning:  #188-D: enumerated type mixed with another type
  	GPIO_WriteBit(GPIOB,Trig,0);						//输出低电平
..\HARDWARE\HCSR04\HCSR04.c(50): warning:  #188-D: enumerated type mixed with another type
  	GPIO_WriteBit(GPIOB,Trig,1);					//输出高电平
..\HARDWARE\HCSR04\HCSR04.c(52): warning:  #188-D: enumerated type mixed with another type
  	GPIO_WriteBit(GPIOB,Trig,0);					//输出低电平
..\HARDWARE\HCSR04\HCSR04.c: 4 warnings, 0 errors
compiling radar.c...
..\HARDWARE\GUI\GUI.h(29): warning:  #1295-D: Deprecated declaration picture - give arg types
  void picture();
..\HARDWARE\RADAR\radar.h(7): warning:  #1295-D: Deprecated declaration radar_picture - give arg types
  void radar_picture();
..\HARDWARE\RADAR\radar.c: 2 warnings, 0 errors
compiling misc.c...
compiling lcd.c...
compiling led.c...
compiling stm32f10x_bkp.c...
compiling stm32f10x_it.c...
compiling main.c...
..\HARDWARE\RADAR\radar.h(7): warning:  #1295-D: Deprecated declaration radar_picture - give arg types
  void radar_picture();
main.c: 1 warning, 0 errors
compiling system_stm32f10x.c...
compiling lcd_init.c...
compiling core_cm3.c...
compiling stm32f10x_adc.c...
compiling stm32f10x_can.c...
compiling stm32f10x_cec.c...
compiling stm32f10x_crc.c...
compiling stm32f10x_dbgmcu.c...
compiling stm32f10x_dac.c...
compiling stm32f10x_exti.c...
compiling stm32f10x_dma.c...
compiling stm32f10x_flash.c...
compiling stm32f10x_gpio.c...
compiling stm32f10x_fsmc.c...
compiling stm32f10x_i2c.c...
compiling stm32f10x_iwdg.c...
compiling stm32f10x_pwr.c...
compiling stm32f10x_rtc.c...
compiling stm32f10x_sdio.c...
compiling stm32f10x_rcc.c...
compiling stm32f10x_spi.c...
compiling stm32f10x_tim.c...
compiling stm32f10x_usart.c...
compiling sys.c...
compiling delay.c...
compiling stm32f10x_wwdg.c...
compiling usart.c...
linking...
Program Size: Code=11760 RO-data=15176 RW-data=52 ZI-data=1836  
FromELF: creating hex file...
"..\OBJ\LCD.axf" - 0 Error(s), 7 Warning(s).

<h2>Software Packages used:</h2>

Package Vendor: Keil
                http://www.keil.com/pack/Keil.STM32F1xx_DFP.2.2.0.pack
                Keil.STM32F1xx_DFP.2.2.0
                STMicroelectronics STM32F1 Series Device Support, Drivers and Examples

<h2>Collection of Component include folders:</h2>
  C:\Users\wangs\AppData\Local\Arm\Packs\Keil\STM32F1xx_DFP\2.2.0\Device\Include

<h2>Collection of Component Files used:</h2>
Build Time Elapsed:  00:00:02
</pre>
</body>
</html>
